Archive member included because of file (symbol)

/usr/bin/../lib/gcc/arm-none-eabi/4.8.4/../../../../arm-none-eabi/lib/armv7e-m/softfp/libg.a(lib_a-exit.o)
                              /usr/bin/../lib/gcc/arm-none-eabi/4.8.4/../../../../arm-none-eabi/lib/armv7e-m/softfp/crt0.o (exit)
/usr/bin/../lib/gcc/arm-none-eabi/4.8.4/../../../../arm-none-eabi/lib/armv7e-m/softfp/libg.a(lib_a-impure.o)
                              /usr/bin/../lib/gcc/arm-none-eabi/4.8.4/../../../../arm-none-eabi/lib/armv7e-m/softfp/libg.a(lib_a-exit.o) (_global_impure_ptr)
/usr/bin/../lib/gcc/arm-none-eabi/4.8.4/../../../../arm-none-eabi/lib/armv7e-m/softfp/libg.a(lib_a-init.o)
                              /usr/bin/../lib/gcc/arm-none-eabi/4.8.4/../../../../arm-none-eabi/lib/armv7e-m/softfp/crt0.o (__libc_init_array)
/usr/bin/../lib/gcc/arm-none-eabi/4.8.4/../../../../arm-none-eabi/lib/armv7e-m/softfp/libg.a(lib_a-__call_atexit.o)
                              /usr/bin/../lib/gcc/arm-none-eabi/4.8.4/../../../../arm-none-eabi/lib/armv7e-m/softfp/libg.a(lib_a-exit.o) (__call_exitprocs)
/usr/bin/../lib/gcc/arm-none-eabi/4.8.4/../../../../arm-none-eabi/lib/armv7e-m/softfp/libg.a(lib_a-atexit.o)
                              /usr/bin/../lib/gcc/arm-none-eabi/4.8.4/../../../../arm-none-eabi/lib/armv7e-m/softfp/libg.a(lib_a-__call_atexit.o) (atexit)
/usr/bin/../lib/gcc/arm-none-eabi/4.8.4/../../../../arm-none-eabi/lib/armv7e-m/softfp/libg.a(lib_a-fini.o)
                              /usr/bin/../lib/gcc/arm-none-eabi/4.8.4/../../../../arm-none-eabi/lib/armv7e-m/softfp/libg.a(lib_a-__call_atexit.o) (__libc_fini_array)
/usr/bin/../lib/gcc/arm-none-eabi/4.8.4/../../../../arm-none-eabi/lib/armv7e-m/softfp/libg.a(lib_a-__atexit.o)
                              /usr/bin/../lib/gcc/arm-none-eabi/4.8.4/../../../../arm-none-eabi/lib/armv7e-m/softfp/libg.a(lib_a-atexit.o) (__register_exitproc)

Discarded input sections

 .text          0x0000000000000000        0x0 /usr/bin/../lib/gcc/arm-none-eabi/4.8.4/armv7e-m/softfp/crti.o
 .data          0x0000000000000000        0x0 /usr/bin/../lib/gcc/arm-none-eabi/4.8.4/armv7e-m/softfp/crti.o
 .bss           0x0000000000000000        0x0 /usr/bin/../lib/gcc/arm-none-eabi/4.8.4/armv7e-m/softfp/crti.o
 .data          0x0000000000000000        0x4 /usr/bin/../lib/gcc/arm-none-eabi/4.8.4/armv7e-m/softfp/crtbegin.o
 .text          0x0000000000000000       0x74 /usr/bin/../lib/gcc/arm-none-eabi/4.8.4/../../../../arm-none-eabi/lib/armv7e-m/softfp/crt0.o
 .data          0x0000000000000000        0x0 /usr/bin/../lib/gcc/arm-none-eabi/4.8.4/../../../../arm-none-eabi/lib/armv7e-m/softfp/crt0.o
 .bss           0x0000000000000000        0x0 /usr/bin/../lib/gcc/arm-none-eabi/4.8.4/../../../../arm-none-eabi/lib/armv7e-m/softfp/crt0.o
 .ARM.extab     0x0000000000000000        0x0 /usr/bin/../lib/gcc/arm-none-eabi/4.8.4/../../../../arm-none-eabi/lib/armv7e-m/softfp/crt0.o
 .ARM.exidx     0x0000000000000000        0x8 /usr/bin/../lib/gcc/arm-none-eabi/4.8.4/../../../../arm-none-eabi/lib/armv7e-m/softfp/crt0.o
 .ARM.attributes
                0x0000000000000000       0x20 /usr/bin/../lib/gcc/arm-none-eabi/4.8.4/../../../../arm-none-eabi/lib/armv7e-m/softfp/crt0.o
 .group         0x0000000000000000        0x8 build/main/src/clib.o
 .group         0x0000000000000000        0x8 build/main/src/clib.o
 .group         0x0000000000000000        0x8 build/main/src/clib.o
 .group         0x0000000000000000        0x8 build/main/src/clib.o
 .group         0x0000000000000000        0x8 build/main/src/clib.o
 .group         0x0000000000000000        0x8 build/main/src/clib.o
 .group         0x0000000000000000        0x8 build/main/src/clib.o
 .group         0x0000000000000000        0x8 build/main/src/clib.o
 .group         0x0000000000000000        0x8 build/main/src/clib.o
 .group         0x0000000000000000        0x8 build/main/src/clib.o
 .group         0x0000000000000000        0x8 build/main/src/clib.o
 .group         0x0000000000000000        0x8 build/main/src/clib.o
 .group         0x0000000000000000        0x8 build/main/src/clib.o
 .group         0x0000000000000000        0x8 build/main/src/clib.o
 .group         0x0000000000000000        0x8 build/main/src/clib.o
 .group         0x0000000000000000        0x8 build/main/src/clib.o
 .group         0x0000000000000000        0x8 build/main/src/clib.o
 .group         0x0000000000000000        0x8 build/main/src/clib.o
 .group         0x0000000000000000        0x8 build/main/src/clib.o
 .group         0x0000000000000000        0x8 build/main/src/clib.o
 .group         0x0000000000000000        0x8 build/main/src/clib.o
 .group         0x0000000000000000        0x8 build/main/src/clib.o
 .group         0x0000000000000000        0x8 build/main/src/clib.o
 .group         0x0000000000000000        0x8 build/main/src/clib.o
 .group         0x0000000000000000        0x8 build/main/src/clib.o
 .group         0x0000000000000000        0x8 build/main/src/clib.o
[...]
Memory Configuration

Name             Origin             Length             Attributes
FLASH            0x0000000008000000 0x0000000000200000 xr
RAM              0x0000000020000000 0x0000000000030000 xrw
MEMORY_B1        0x0000000060000000 0x0000000000000000 xr
CCMRAM           0x0000000010000000 0x0000000000010000 rw
*default*        0x0000000000000000 0xffffffffffffffff

Linker script and memory map

LOAD /usr/bin/../lib/gcc/arm-none-eabi/4.8.4/armv7e-m/softfp/crti.o
LOAD /usr/bin/../lib/gcc/arm-none-eabi/4.8.4/armv7e-m/softfp/crtbegin.o
LOAD /usr/bin/../lib/gcc/arm-none-eabi/4.8.4/../../../../arm-none-eabi/lib/armv7e-m/softfp/crt0.o
LOAD build/main/src/clib.o
LOAD build/main/src/devfs.o
LOAD build/main/src/filesystem.o
LOAD build/main/src/fio.o
LOAD build/main/src/hash-djb2.o
LOAD build/main/src/host.o
LOAD build/main/src/main.o
LOAD build/main/src/mmtest.o
LOAD build/main/src/osdebug.o
LOAD build/main/src/ramfs.o
LOAD build/main/src/shell.o
LOAD build/main/src/stm32_f429.o
LOAD build/main/src/string-util.o
LOAD build/main/freertos/croutine.o
LOAD build/main/freertos/event_groups.o
LOAD build/main/freertos/list.o
LOAD build/main/freertos/queue.o
LOAD build/main/freertos/tasks.o
LOAD build/main/freertos/timers.o
LOAD build/main/../STM32F429I-Discovery_FW_V1.0.1/Libraries/STM32F4xx_StdPeriph_Driver/src/misc.o
LOAD build/main/../STM32F429I-Discovery_FW_V1.0.1/Libraries/STM32F4xx_StdPeriph_Driver/src/stm32f4xx_adc.o
LOAD build/main/../STM32F429I-Discovery_FW_V1.0.1/Libraries/STM32F4xx_StdPeriph_Driver/src/stm32f4xx_can.o
LOAD build/main/../STM32F429I-Discovery_FW_V1.0.1/Libraries/STM32F4xx_StdPeriph_Driver/src/stm32f4xx_crc.o
LOAD build/main/../STM32F429I-Discovery_FW_V1.0.1/Libraries/STM32F4xx_StdPeriph_Driver/src/stm32f4xx_cryp_aes.o
LOAD build/main/../STM32F429I-Discovery_FW_V1.0.1/Libraries/STM32F4xx_StdPeriph_Driver/src/stm32f4xx_cryp.o
LOAD build/main/../STM32F429I-Discovery_FW_V1.0.1/Libraries/STM32F4xx_StdPeriph_Driver/src/stm32f4xx_cryp_des.o
LOAD build/main/../STM32F429I-Discovery_FW_V1.0.1/Libraries/STM32F4xx_StdPeriph_Driver/src/stm32f4xx_cryp_tdes.o
LOAD build/main/../STM32F429I-Discovery_FW_V1.0.1/Libraries/STM32F4xx_StdPeriph_Driver/src/stm32f4xx_dac.o
LOAD build/main/../STM32F429I-Discovery_FW_V1.0.1/Libraries/STM32F4xx_StdPeriph_Driver/src/stm32f4xx_dbgmcu.o
LOAD build/main/../STM32F429I-Discovery_FW_V1.0.1/Libraries/STM32F4xx_StdPeriph_Driver/src/stm32f4xx_dcmi.o
LOAD build/main/../STM32F429I-Discovery_FW_V1.0.1/Libraries/STM32F4xx_StdPeriph_Driver/src/stm32f4xx_dma2d.o
LOAD build/main/../STM32F429I-Discovery_FW_V1.0.1/Libraries/STM32F4xx_StdPeriph_Driver/src/stm32f4xx_dma.o
LOAD build/main/../STM32F429I-Discovery_FW_V1.0.1/Libraries/STM32F4xx_StdPeriph_Driver/src/stm32f4xx_exti.o
LOAD build/main/../STM32F429I-Discovery_FW_V1.0.1/Libraries/STM32F4xx_StdPeriph_Driver/src/stm32f4xx_flash.o
LOAD build/main/../STM32F429I-Discovery_FW_V1.0.1/Libraries/STM32F4xx_StdPeriph_Driver/src/stm32f4xx_fmc.o
LOAD build/main/../STM32F429I-Discovery_FW_V1.0.1/Libraries/STM32F4xx_StdPeriph_Driver/src/stm32f4xx_gpio.o
LOAD build/main/../STM32F429I-Discovery_FW_V1.0.1/Libraries/STM32F4xx_StdPeriph_Driver/src/stm32f4xx_hash.o
LOAD build/main/../STM32F429I-Discovery_FW_V1.0.1/Libraries/STM32F4xx_StdPeriph_Driver/src/stm32f4xx_hash_md5.o
LOAD build/main/../STM32F429I-Discovery_FW_V1.0.1/Libraries/STM32F4xx_StdPeriph_Driver/src/stm32f4xx_hash_sha1.o
LOAD build/main/../STM32F429I-Discovery_FW_V1.0.1/Libraries/STM32F4xx_StdPeriph_Driver/src/stm32f4xx_i2c.o
LOAD build/main/../STM32F429I-Discovery_FW_V1.0.1/Libraries/STM32F4xx_StdPeriph_Driver/src/stm32f4xx_iwdg.o
LOAD build/main/../STM32F429I-Discovery_FW_V1.0.1/Libraries/STM32F4xx_StdPeriph_Driver/src/stm32f4xx_ltdc.o
LOAD build/main/../STM32F429I-Discovery_FW_V1.0.1/Libraries/STM32F4xx_StdPeriph_Driver/src/stm32f4xx_pwr.o
LOAD build/main/../STM32F429I-Discovery_FW_V1.0.1/Libraries/STM32F4xx_StdPeriph_Driver/src/stm32f4xx_rcc.o
LOAD build/main/../STM32F429I-Discovery_FW_V1.0.1/Libraries/STM32F4xx_StdPeriph_Driver/src/stm32f4xx_rng.o
LOAD build/main/../STM32F429I-Discovery_FW_V1.0.1/Libraries/STM32F4xx_StdPeriph_Driver/src/stm32f4xx_rtc.o
LOAD build/main/../STM32F429I-Discovery_FW_V1.0.1/Libraries/STM32F4xx_StdPeriph_Driver/src/stm32f4xx_sai.o
LOAD build/main/../STM32F429I-Discovery_FW_V1.0.1/Libraries/STM32F4xx_StdPeriph_Driver/src/stm32f4xx_sdio.o
LOAD build/main/../STM32F429I-Discovery_FW_V1.0.1/Libraries/STM32F4xx_StdPeriph_Driver/src/stm32f4xx_spi.o
LOAD build/main/../STM32F429I-Discovery_FW_V1.0.1/Libraries/STM32F4xx_StdPeriph_Driver/src/stm32f4xx_syscfg.o
LOAD build/main/../STM32F429I-Discovery_FW_V1.0.1/Libraries/STM32F4xx_StdPeriph_Driver/src/stm32f4xx_tim.o
LOAD build/main/../STM32F429I-Discovery_FW_V1.0.1/Libraries/STM32F4xx_StdPeriph_Driver/src/stm32f4xx_usart.o
LOAD build/main/../STM32F429I-Discovery_FW_V1.0.1/Libraries/STM32F4xx_StdPeriph_Driver/src/stm32f4xx_wwdg.o
LOAD build/main/freertos/portable/MemMang/heap_1.o
LOAD build/main/freertos/portable/GCC/ARM_CM4F/port.o
LOAD build/main/CORTEX_M4F_STM32F4/startup_stm32f429_439xx.o
LOAD build/main/CORTEX_M4F_STM32F4/startup/system_stm32f4xx.o
START GROUP
LOAD /usr/bin/../lib/gcc/arm-none-eabi/4.8.4/armv7e-m/softfp/libgcc.a
LOAD /usr/bin/../lib/gcc/arm-none-eabi/4.8.4/../../../../arm-none-eabi/lib/armv7e-m/softfp/libg.a
LOAD /usr/bin/../lib/gcc/arm-none-eabi/4.8.4/../../../../arm-none-eabi/lib/armv7e-m/softfp/libc.a
END GROUP
LOAD /usr/bin/../lib/gcc/arm-none-eabi/4.8.4/armv7e-m/softfp/crtend.o
LOAD /usr/bin/../lib/gcc/arm-none-eabi/4.8.4/armv7e-m/softfp/crtn.o
                0x0000000020030000                _estack = 0x20030000
                0x0000000000000000                _Min_Heap_Size = 0x0
                0x0000000000000400                _Min_Stack_Size = 0x400

.isr_vector     0x0000000008000000      0x1ac
                0x0000000008000000                . = ALIGN (0x4)
 *(.isr_vector)
 .isr_vector    0x0000000008000000      0x1ac build/main/CORTEX_M4F_STM32F4/startup_stm32f429_439xx.o
                0x0000000008000000                g_pfnVectors
                0x00000000080001ac                . = ALIGN (0x4)

.text           0x00000000080001ac     0x5284
                0x00000000080001ac                . = ALIGN (0x4)
 *(.text)
 .text          0x00000000080001ac       0x54 /usr/bin/../lib/gcc/arm-none-eabi/4.8.4/armv7e-m/softfp/crtbegin.o
 *(.text*)
 .text.fio_printf
                0x0000000008000200      0x108 build/main/src/clib.o
                0x0000000008000200                fio_printf
 .text.strlen   0x0000000008000308       0x30 build/main/src/clib.o
                0x0000000008000308                strlen
 .text.strcat   0x0000000008000338       0x4c build/main/src/clib.o
                0x0000000008000338                strcat
 .text.itoa     0x0000000008000384       0xa4 build/main/src/clib.o
                0x0000000008000384                itoa
 .text.malloc   0x0000000008000428       0x18 build/main/src/clib.o
                0x0000000008000428                malloc
 .text.calloc   0x0000000008000440       0x24 build/main/src/clib.o
                0x0000000008000440                calloc
 .text.free     0x0000000008000464       0x14 build/main/src/clib.o
                0x0000000008000464                free
 .text.stdin_read
                0x0000000008000478       0xe4 build/main/src/devfs.o
                0x0000000008000478                stdin_read
 .text.stdout_write
                0x000000000800055c       0x40 build/main/src/devfs.o
                0x000000000800055c                stdout_write
 .text.devfs_root_lookup
                0x000000000800059c       0x70 build/main/src/devfs.o
                0x000000000800059c                devfs_root_lookup
 .text.devfs_read_inode
                0x000000000800060c       0x78 build/main/src/devfs.o
                0x000000000800060c                devfs_read_inode
 .text.devfs_read_superblock
                0x0000000008000684       0x20 build/main/src/devfs.o
                0x0000000008000684                devfs_read_superblock
 .text.register_devfs
                0x00000000080006a4       0x1c build/main/src/devfs.o
                0x00000000080006a4                register_devfs
 .text.get_stdin_node
                0x00000000080006c0       0x14 build/main/src/devfs.o
                0x00000000080006c0                get_stdin_node
 .text.get_stdout_node
                0x00000000080006d4       0x14 build/main/src/devfs.o
                0x00000000080006d4                get_stdout_node
 .text.get_stderr_node
                0x00000000080006e8       0x14 build/main/src/devfs.o
                0x00000000080006e8                get_stderr_node
 .text.fs_init  0x00000000080006fc       0x28 build/main/src/filesystem.o
                0x00000000080006fc                fs_init
 .text.register_fs
                0x0000000008000724       0x28 build/main/src/filesystem.o
                0x0000000008000724                register_fs
 .text.fs_mount
                0x000000000800074c      0x100 build/main/src/filesystem.o
                0x000000000800074c                fs_mount
 .text.fs_get_inode
                0x000000000800084c      0x1d4 build/main/src/filesystem.o
                0x000000000800084c                fs_get_inode
 .text.fs_free_inode
                0x0000000008000a20       0x20 build/main/src/filesystem.o
                0x0000000008000a20                fs_free_inode
 .text.get_inode_by_path
                0x0000000008000a40      0x160 build/main/src/filesystem.o
                0x0000000008000a40                get_inode_by_path
 .text.fio_is_open_int
                0x0000000008000ba0       0x48 build/main/src/fio.o
 .text.fio_is_dir_open_int
                0x0000000008000be8       0x48 build/main/src/fio.o
 .text.fio_findfd
                0x0000000008000c30       0x34 build/main/src/fio.o
 .text.fio_finddd
                0x0000000008000c64       0x34 build/main/src/fio.o
 .text.fio_open
                0x0000000008000c98      0x2b0 build/main/src/fio.o
                0x0000000008000c98                fio_open
 .text.fio_mkdir
                0x0000000008000f48      0x1b8 build/main/src/fio.o
                0x0000000008000f48                fio_mkdir
 .text.fio_opendir
                0x0000000008001100      0x270 build/main/src/fio.o
                0x0000000008001100                fio_opendir
 .text.fio_read
                0x0000000008001370       0xec build/main/src/fio.o
                0x0000000008001370                fio_read
 .text.fio_readdir
                0x000000000800145c       0x9c build/main/src/fio.o
                0x000000000800145c                fio_readdir
 .text.fio_write
                0x00000000080014f8       0xf4 build/main/src/fio.o
                0x00000000080014f8                fio_write
 .text.fio_seek
                0x00000000080015ec       0xec build/main/src/fio.o
                0x00000000080015ec                fio_seek
 .text.fio_seekdir
                0x00000000080016d8       0xa8 build/main/src/fio.o
                0x00000000080016d8                fio_seekdir
 .text.fio_close
                0x0000000008001780       0x84 build/main/src/fio.o
                0x0000000008001780                fio_close
 .text.fio_closedir
                0x0000000008001804       0x80 build/main/src/fio.o
                0x0000000008001804                fio_closedir
 .text.fio_init
                0x0000000008001884       0x70 build/main/src/fio.o
                0x0000000008001884                fio_init
 .text.hash_djb2
                0x00000000080018f4       0x4c build/main/src/hash-djb2.o
                0x00000000080018f4                hash_djb2
 .text.host_call
                0x0000000008001940        0xc build/main/src/host.o
                0x0000000008001940                host_call
 .text.host_system
                0x000000000800194c       0x38 build/main/src/host.o
                0x000000000800194c                host_system
 .text.host_open
                0x0000000008001984       0x40 build/main/src/host.o
                0x0000000008001984                host_open
 .text.host_close
                0x00000000080019c4       0x28 build/main/src/host.o
                0x00000000080019c4                host_close
 .text.host_write
                0x00000000080019ec       0x3c build/main/src/host.o
                0x00000000080019ec                host_write
 .text.host_action
                0x0000000008001a28       0x34 build/main/src/host.o
                0x0000000008001a28                host_action
 .text.USART1_IRQHandler
                0x0000000008001a5c       0x90 build/main/src/main.o
                0x0000000008001a5c                USART1_IRQHandler
 .text.send_byte
                0x0000000008001aec       0x4c build/main/src/main.o
                0x0000000008001aec                send_byte
 .text.recv_byte
                0x0000000008001b38       0x40 build/main/src/main.o
                0x0000000008001b38                recv_byte
 .text.command_prompt
                0x0000000008001b78       0x98 build/main/src/main.o
                0x0000000008001b78                command_prompt
 .text.main     0x0000000008001c10       0xe4 build/main/src/main.o
                0x0000000008001c10                main
 .text.vApplicationTickHook
                0x0000000008001cf4        0xc build/main/src/main.o
                0x0000000008001cf4                vApplicationTickHook
 .text.circbuf_size
                0x0000000008001d00       0x40 build/main/src/mmtest.o
 .text.write_cb
                0x0000000008001d40       0x74 build/main/src/mmtest.o
 .text.read_cb  0x0000000008001db4       0x8c build/main/src/mmtest.o
 .text.prng     0x0000000008001e40       0x50 build/main/src/mmtest.o
 .text.mmtest_command
                0x0000000008001e90      0x140 build/main/src/mmtest.o
                0x0000000008001e90                mmtest_command
 .text.osDbgPrintf
                0x0000000008001fd0       0x10 build/main/src/osdebug.o
                0x0000000008001fd0                osDbgPrintf
 .text.init_superblock
                0x0000000008001fe0       0x54 build/main/src/ramfs.o
 .text.add_inode
                0x0000000008002034       0xb4 build/main/src/ramfs.o
 .text.add_block
                0x00000000080020e8       0x70 build/main/src/ramfs.o
 .text.ramfs_write
                0x0000000008002158      0x1d0 build/main/src/ramfs.o
 .text.ramfs_read
                0x0000000008002328      0x174 build/main/src/ramfs.o
 .text.ramfs_readdir
                0x000000000800249c       0xe0 build/main/src/ramfs.o
 .text.ramfs_seek
                0x000000000800257c       0x9c build/main/src/ramfs.o
                0x000000000800257c                ramfs_seek
 .text.ramfs_i_create
                0x0000000008002618       0x94 build/main/src/ramfs.o
                0x0000000008002618                ramfs_i_create
 .text.ramfs_i_mkdir
                0x00000000080026ac       0xa0 build/main/src/ramfs.o
                0x00000000080026ac                ramfs_i_mkdir
 .text.ramfs_i_lookup
                0x000000000800274c       0xfc build/main/src/ramfs.o
                0x000000000800274c                ramfs_i_lookup
 .text.ramfs_read_inode
                0x0000000008002848       0xb4 build/main/src/ramfs.o
                0x0000000008002848                ramfs_read_inode
 .text.ramfs_read_superblock
                0x00000000080028fc       0x6c build/main/src/ramfs.o
                0x00000000080028fc                ramfs_read_superblock
 .text.register_ramfs
                0x0000000008002968       0x18 build/main/src/ramfs.o
                0x0000000008002968                register_ramfs
 .text.parse_command
                0x0000000008002980       0xbc build/main/src/shell.o
                0x0000000008002980                parse_command
 .text.ls_command
                0x0000000008002a3c      0x230 build/main/src/shell.o
                0x0000000008002a3c                ls_command
 .text.filedump
                0x0000000008002c6c       0x74 build/main/src/shell.o
                0x0000000008002c6c                filedump
 .text.ps_command
                0x0000000008002ce0       0x14 build/main/src/shell.o
                0x0000000008002ce0                ps_command
 .text.cat_command
                0x0000000008002cf4       0x58 build/main/src/shell.o
                0x0000000008002cf4                cat_command
 .text.man_command
                0x0000000008002d4c       0x78 build/main/src/shell.o
                0x0000000008002d4c                man_command
 .text.host_command
                0x0000000008002dc4       0xf0 build/main/src/shell.o
                0x0000000008002dc4                host_command
 .text.help_command
                0x0000000008002eb4       0x64 build/main/src/shell.o
                0x0000000008002eb4                help_command
 .text.test_command
                0x0000000008002f18       0x84 build/main/src/shell.o
                0x0000000008002f18                test_command
 .text.test_ramfs_command
                0x0000000008002f9c       0x78 build/main/src/shell.o
                0x0000000008002f9c                test_ramfs_command
 .text.gcode_command
                0x0000000008003014       0x14 build/main/src/shell.o
                0x0000000008003014                gcode_command
 .text.do_command
                0x0000000008003028       0x58 build/main/src/shell.o
                0x0000000008003028                do_command
 .text.RCC_Configuration
                0x0000000008003080       0x18 build/main/src/stm32_f429.o
                0x0000000008003080                RCC_Configuration
 .text.GPIO_Configuration
                0x0000000008003098       0x44 build/main/src/stm32_f429.o
                0x0000000008003098                GPIO_Configuration
 .text.USART1_Configuration
                0x00000000080030dc       0x3c build/main/src/stm32_f429.o
                0x00000000080030dc                USART1_Configuration
 .text.init_rs232
                0x0000000008003118       0x14 build/main/src/stm32_f429.o
                0x0000000008003118                init_rs232
 .text.enable_rs232_interrupts
                0x000000000800312c       0x3c build/main/src/stm32_f429.o
                0x000000000800312c                enable_rs232_interrupts
 .text.enable_rs232
                0x0000000008003168       0x14 build/main/src/stm32_f429.o
                0x0000000008003168                enable_rs232
 .text.memset   0x000000000800317c       0x9c build/main/src/string-util.o
                0x000000000800317c                memset
 .text.memcpy   0x0000000008003218       0x94 build/main/src/string-util.o
                0x0000000008003218                memcpy
 .text.strchr   0x00000000080032ac       0x44 build/main/src/string-util.o
                0x00000000080032ac                strchr
 .text.strcpy   0x00000000080032f0       0x38 build/main/src/string-util.o
                0x00000000080032f0                strcpy
 .text.strncpy  0x0000000008003328       0x44 build/main/src/string-util.o
                0x0000000008003328                strncpy
 .text.strcmp   0x000000000800336c       0x44 build/main/src/string-util.o
                0x000000000800336c                strcmp
 .text.vListInitialise
                0x00000000080033b0       0x40 build/main/freertos/list.o
                0x00000000080033b0                vListInitialise
 .text.vListInitialiseItem
                0x00000000080033f0       0x18 build/main/freertos/list.o
                0x00000000080033f0                vListInitialiseItem
 .text.vListInsertEnd
                0x0000000008003408       0x48 build/main/freertos/list.o
                0x0000000008003408                vListInsertEnd
 .text.vListInsert
                0x0000000008003450       0x70 build/main/freertos/list.o
                0x0000000008003450                vListInsert
 .text.uxListRemove
                0x00000000080034c0       0x54 build/main/freertos/list.o
                0x00000000080034c0                uxListRemove
 .text.xQueueGenericReset
                0x0000000008003514       0xa4 build/main/freertos/queue.o
                0x0000000008003514                xQueueGenericReset
 .text.xQueueGenericCreate
                0x00000000080035b8       0x78 build/main/freertos/queue.o
                0x00000000080035b8                xQueueGenericCreate
 .text.xQueueCreateMutex
                0x0000000008003630       0x84 build/main/freertos/queue.o
                0x0000000008003630                xQueueCreateMutex
 .text.xQueueGenericSend
                0x00000000080036b4      0x118 build/main/freertos/queue.o
                0x00000000080036b4                xQueueGenericSend
 .text.xQueueGenericSendFromISR
                0x00000000080037cc       0x88 build/main/freertos/queue.o
                0x00000000080037cc                xQueueGenericSendFromISR
 .text.xQueueGenericReceive
                0x0000000008003854      0x170 build/main/freertos/queue.o
                0x0000000008003854                xQueueGenericReceive
 .text.prvCopyDataToQueue
                0x00000000080039c4       0xd0 build/main/freertos/queue.o
 .text.prvCopyDataFromQueue
                0x0000000008003a94       0x4c build/main/freertos/queue.o
 .text.prvUnlockQueue
                0x0000000008003ae0       0x98 build/main/freertos/queue.o
 .text.prvIsQueueEmpty
                0x0000000008003b78       0x2c build/main/freertos/queue.o
 .text.prvIsQueueFull
                0x0000000008003ba4       0x30 build/main/freertos/queue.o
 .text.xTaskGenericCreate
                0x0000000008003bd4      0x140 build/main/freertos/tasks.o
                0x0000000008003bd4                xTaskGenericCreate
 .text.vTaskStartScheduler
                0x0000000008003d14       0x54 build/main/freertos/tasks.o
                0x0000000008003d14                vTaskStartScheduler
 .text.vTaskSuspendAll
                0x0000000008003d68       0x1c build/main/freertos/tasks.o
                0x0000000008003d68                vTaskSuspendAll
 .text.xTaskResumeAll
                0x0000000008003d84       0xfc build/main/freertos/tasks.o
                0x0000000008003d84                xTaskResumeAll
 .text.xTaskIncrementTick
                0x0000000008003e80      0x170 build/main/freertos/tasks.o
                0x0000000008003e80                xTaskIncrementTick
 .text.vTaskSwitchContext
                0x0000000008003ff0       0x98 build/main/freertos/tasks.o
                0x0000000008003ff0                vTaskSwitchContext
 .text.vTaskPlaceOnEventList
                0x0000000008004088       0x60 build/main/freertos/tasks.o
                0x0000000008004088                vTaskPlaceOnEventList
 .text.xTaskRemoveFromEventList
                0x00000000080040e8       0xac build/main/freertos/tasks.o
                0x00000000080040e8                xTaskRemoveFromEventList
 .text.vTaskSetTimeOutState
                0x0000000008004194       0x2c build/main/freertos/tasks.o
                0x0000000008004194                vTaskSetTimeOutState
 .text.xTaskCheckForTimeOut
                0x00000000080041c0       0x88 build/main/freertos/tasks.o
                0x00000000080041c0                xTaskCheckForTimeOut
 .text.vTaskMissedYield
                0x0000000008004248       0x18 build/main/freertos/tasks.o
                0x0000000008004248                vTaskMissedYield
 .text.prvIdleTask
                0x0000000008004260       0x20 build/main/freertos/tasks.o
 .text.prvInitialiseTCBVariables
                0x0000000008004280       0x90 build/main/freertos/tasks.o
 .text.prvInitialiseTaskLists
                0x0000000008004310       0x7c build/main/freertos/tasks.o
 .text.prvCheckTasksWaitingTermination
                0x000000000800438c       0x74 build/main/freertos/tasks.o
 .text.prvAddCurrentTaskToDelayedList
                0x0000000008004400       0x6c build/main/freertos/tasks.o
 .text.prvAllocateTCBAndStack
                0x000000000800446c       0x64 build/main/freertos/tasks.o
 .text.prvDeleteTCB
                0x00000000080044d0       0x20 build/main/freertos/tasks.o
 .text.prvResetNextTaskUnblockTime
                0x00000000080044f0       0x48 build/main/freertos/tasks.o
 .text.xTaskGetCurrentTaskHandle
                0x0000000008004538       0x20 build/main/freertos/tasks.o
                0x0000000008004538                xTaskGetCurrentTaskHandle
 .text.vTaskPriorityInherit
                0x0000000008004558       0xbc build/main/freertos/tasks.o
                0x0000000008004558                vTaskPriorityInherit
 .text.vTaskPriorityDisinherit
                0x0000000008004614       0x84 build/main/freertos/tasks.o
                0x0000000008004614                vTaskPriorityDisinherit
 .text.NVIC_Init
                0x0000000008004698       0xcc build/main/../STM32F429I-Discovery_FW_V1.0.1/Libraries/STM32F4xx_StdPeriph_Driver/src/misc.o
                0x0000000008004698                NVIC_Init
 .text.GPIO_Init
                0x0000000008004764      0x11c build/main/../STM32F429I-Discovery_FW_V1.0.1/Libraries/STM32F4xx_StdPeriph_Driver/src/stm32f4xx_gpio.o
                0x0000000008004764                GPIO_Init
 .text.GPIO_PinAFConfig
                0x0000000008004880       0x8c build/main/../STM32F429I-Discovery_FW_V1.0.1/Libraries/STM32F4xx_StdPeriph_Driver/src/stm32f4xx_gpio.o
                0x0000000008004880                GPIO_PinAFConfig
 .text.RCC_GetClocksFreq
                0x000000000800490c      0x1a8 build/main/../STM32F429I-Discovery_FW_V1.0.1/Libraries/STM32F4xx_StdPeriph_Driver/src/stm32f4xx_rcc.o
                0x000000000800490c                RCC_GetClocksFreq
 .text.RCC_AHB1PeriphClockCmd
                0x0000000008004ab4       0x50 build/main/../STM32F429I-Discovery_FW_V1.0.1/Libraries/STM32F4xx_StdPeriph_Driver/src/stm32f4xx_rcc.o
                0x0000000008004ab4                RCC_AHB1PeriphClockCmd
 .text.RCC_APB2PeriphClockCmd
                0x0000000008004b04       0x50 build/main/../STM32F429I-Discovery_FW_V1.0.1/Libraries/STM32F4xx_StdPeriph_Driver/src/stm32f4xx_rcc.o
                0x0000000008004b04                RCC_APB2PeriphClockCmd
 .text.USART_Init
                0x0000000008004b54      0x188 build/main/../STM32F429I-Discovery_FW_V1.0.1/Libraries/STM32F4xx_StdPeriph_Driver/src/stm32f4xx_usart.o
                0x0000000008004b54                USART_Init
 .text.USART_Cmd
                0x0000000008004cdc       0x40 build/main/../STM32F429I-Discovery_FW_V1.0.1/Libraries/STM32F4xx_StdPeriph_Driver/src/stm32f4xx_usart.o
                0x0000000008004cdc                USART_Cmd
 .text.USART_SendData
                0x0000000008004d1c       0x24 build/main/../STM32F429I-Discovery_FW_V1.0.1/Libraries/STM32F4xx_StdPeriph_Driver/src/stm32f4xx_usart.o
                0x0000000008004d1c                USART_SendData
 .text.USART_ReceiveData
                0x0000000008004d40       0x20 build/main/../STM32F429I-Discovery_FW_V1.0.1/Libraries/STM32F4xx_StdPeriph_Driver/src/stm32f4xx_usart.o
                0x0000000008004d40                USART_ReceiveData
 .text.USART_ITConfig
                0x0000000008004d60       0x90 build/main/../STM32F429I-Discovery_FW_V1.0.1/Libraries/STM32F4xx_StdPeriph_Driver/src/stm32f4xx_usart.o
                0x0000000008004d60                USART_ITConfig
 .text.USART_GetITStatus
                0x0000000008004df0       0xb0 build/main/../STM32F429I-Discovery_FW_V1.0.1/Libraries/STM32F4xx_StdPeriph_Driver/src/stm32f4xx_usart.o
                0x0000000008004df0                USART_GetITStatus
 .text.pvPortMalloc
                0x0000000008004ea0       0x8c build/main/freertos/portable/MemMang/heap_1.o
                0x0000000008004ea0                pvPortMalloc
 .text.vPortFree
                0x0000000008004f2c       0x14 build/main/freertos/portable/MemMang/heap_1.o
                0x0000000008004f2c                vPortFree
 .text.pxPortInitialiseStack
                0x0000000008004f40       0x64 build/main/freertos/portable/GCC/ARM_CM4F/port.o
                0x0000000008004f40                pxPortInitialiseStack
 .text.prvTaskExitError
                0x0000000008004fa4        0xc build/main/freertos/portable/GCC/ARM_CM4F/port.o
 .text.SVC_Handler
                0x0000000008004fb0       0x20 build/main/freertos/portable/GCC/ARM_CM4F/port.o
                0x0000000008004fb0                SVC_Handler
 .text.prvPortStartFirstTask
                0x0000000008004fd0       0x1c build/main/freertos/portable/GCC/ARM_CM4F/port.o
 .text.xPortStartScheduler
                0x0000000008004fec       0x50 build/main/freertos/portable/GCC/ARM_CM4F/port.o
                0x0000000008004fec                xPortStartScheduler
 .text.vPortYield
                0x000000000800503c       0x20 build/main/freertos/portable/GCC/ARM_CM4F/port.o
                0x000000000800503c                vPortYield
 .text.vPortEnterCritical
                0x000000000800505c       0x20 build/main/freertos/portable/GCC/ARM_CM4F/port.o
                0x000000000800505c                vPortEnterCritical
 .text.vPortExitCritical
                0x000000000800507c       0x24 build/main/freertos/portable/GCC/ARM_CM4F/port.o
                0x000000000800507c                vPortExitCritical
 .text.ulPortSetInterruptMask
                0x00000000080050a0       0x14 build/main/freertos/portable/GCC/ARM_CM4F/port.o
                0x00000000080050a0                ulPortSetInterruptMask
 .text.vPortClearInterruptMask
                0x00000000080050b4        0x8 build/main/freertos/portable/GCC/ARM_CM4F/port.o
                0x00000000080050b4                vPortClearInterruptMask
 .text.PendSV_Handler
                0x00000000080050bc       0x58 build/main/freertos/portable/GCC/ARM_CM4F/port.o
                0x00000000080050bc                PendSV_Handler
 .text.SysTick_Handler
                0x0000000008005114       0x28 build/main/freertos/portable/GCC/ARM_CM4F/port.o
                0x0000000008005114                SysTick_Handler
 .text.vPortSetupTimerInterrupt
                0x000000000800513c       0x24 build/main/freertos/portable/GCC/ARM_CM4F/port.o
                0x000000000800513c                vPortSetupTimerInterrupt
 .text.vPortEnableVFP
                0x0000000008005160       0x14 build/main/freertos/portable/GCC/ARM_CM4F/port.o
 .text.Reset_Handler
                0x0000000008005174       0x4c build/main/CORTEX_M4F_STM32F4/startup_stm32f429_439xx.o
                0x0000000008005174                Reset_Handler
 .text.Default_Handler
                0x00000000080051c0        0x4 build/main/CORTEX_M4F_STM32F4/startup_stm32f429_439xx.o
                0x00000000080051c0                RTC_Alarm_IRQHandler
                0x00000000080051c0                HASH_RNG_IRQHandler
                0x00000000080051c0                EXTI2_IRQHandler
                0x00000000080051c0                TIM8_CC_IRQHandler
                0x00000000080051c0                DebugMon_Handler
                0x00000000080051c0                UART8_IRQHandler
                0x00000000080051c0                SPI4_IRQHandler
                0x00000000080051c0                TIM1_CC_IRQHandler
                0x00000000080051c0                DMA2_Stream5_IRQHandler
                0x00000000080051c0                HardFault_Handler
                0x00000000080051c0                DMA1_Stream5_IRQHandler
                0x00000000080051c0                PVD_IRQHandler
                0x00000000080051c0                SDIO_IRQHandler
                0x00000000080051c0                TAMP_STAMP_IRQHandler
                0x00000000080051c0                NMI_Handler
                0x00000000080051c0                CAN2_RX1_IRQHandler
                0x00000000080051c0                EXTI3_IRQHandler
                0x00000000080051c0                TIM8_TRG_COM_TIM14_IRQHandler
                0x00000000080051c0                TIM1_UP_TIM10_IRQHandler
                0x00000000080051c0                TIM8_UP_TIM13_IRQHandler
                0x00000000080051c0                I2C3_ER_IRQHandler
                0x00000000080051c0                EXTI0_IRQHandler
                0x00000000080051c0                I2C2_EV_IRQHandler
                0x00000000080051c0                DMA1_Stream2_IRQHandler
                0x00000000080051c0                CAN1_RX0_IRQHandler
                0x00000000080051c0                FPU_IRQHandler
                0x00000000080051c0                OTG_HS_WKUP_IRQHandler
                0x00000000080051c0                UsageFault_Handler
                0x00000000080051c0                LTDC_ER_IRQHandler
                0x00000000080051c0                CAN2_SCE_IRQHandler
                0x00000000080051c0                DMA2_Stream2_IRQHandler
                0x00000000080051c0                SPI1_IRQHandler
                0x00000000080051c0                TIM6_DAC_IRQHandler
                0x00000000080051c0                TIM1_BRK_TIM9_IRQHandler
                0x00000000080051c0                DCMI_IRQHandler
                0x00000000080051c0                CAN2_RX0_IRQHandler
                0x00000000080051c0                DMA2_Stream3_IRQHandler
                0x00000000080051c0                USART6_IRQHandler
                0x00000000080051c0                USART3_IRQHandler
                0x00000000080051c0                CRYP_IRQHandler
                0x00000000080051c0                CAN1_RX1_IRQHandler
                0x00000000080051c0                UART5_IRQHandler
                0x00000000080051c0                DMA2_Stream0_IRQHandler
                0x00000000080051c0                TIM4_IRQHandler
                0x00000000080051c0                I2C1_EV_IRQHandler
                0x00000000080051c0                DMA1_Stream6_IRQHandler
                0x00000000080051c0                DMA1_Stream1_IRQHandler
                0x00000000080051c0                UART4_IRQHandler
                0x00000000080051c0                TIM3_IRQHandler
                0x00000000080051c0                RCC_IRQHandler
                0x00000000080051c0                TIM8_BRK_TIM12_IRQHandler
                0x00000000080051c0                Default_Handler
                0x00000000080051c0                EXTI15_10_IRQHandler
                0x00000000080051c0                ADC_IRQHandler
                0x00000000080051c0                DMA1_Stream7_IRQHandler
                0x00000000080051c0                SPI5_IRQHandler
                0x00000000080051c0                TIM7_IRQHandler
                0x00000000080051c0                CAN2_TX_IRQHandler
                0x00000000080051c0                TIM5_IRQHandler
                0x00000000080051c0                DMA2_Stream7_IRQHandler
                0x00000000080051c0                I2C3_EV_IRQHandler
                0x00000000080051c0                EXTI9_5_IRQHandler
                0x00000000080051c0                RTC_WKUP_IRQHandler
                0x00000000080051c0                LTDC_IRQHandler
                0x00000000080051c0                ETH_WKUP_IRQHandler
                0x00000000080051c0                SPI2_IRQHandler
                0x00000000080051c0                OTG_HS_EP1_IN_IRQHandler
                0x00000000080051c0                MemManage_Handler
                0x00000000080051c0                DMA1_Stream0_IRQHandler
                0x00000000080051c0                CAN1_TX_IRQHandler
                0x00000000080051c0                EXTI4_IRQHandler
                0x00000000080051c0                FSMC_IRQHandler
                0x00000000080051c0                ETH_IRQHandler
                0x00000000080051c0                OTG_HS_EP1_OUT_IRQHandler
                0x00000000080051c0                WWDG_IRQHandler
                0x00000000080051c0                SPI6_IRQHandler
                0x00000000080051c0                TIM2_IRQHandler
                0x00000000080051c0                OTG_FS_WKUP_IRQHandler
                0x00000000080051c0                TIM1_TRG_COM_TIM11_IRQHandler
                0x00000000080051c0                OTG_HS_IRQHandler
                0x00000000080051c0                DMA2D_IRQHandler
                0x00000000080051c0                EXTI1_IRQHandler
                0x00000000080051c0                UART7_IRQHandler
                0x00000000080051c0                USART2_IRQHandler
                0x00000000080051c0                I2C2_ER_IRQHandler
                0x00000000080051c0                DMA2_Stream1_IRQHandler
                0x00000000080051c0                CAN1_SCE_IRQHandler
                0x00000000080051c0                FLASH_IRQHandler
                0x00000000080051c0                DMA2_Stream4_IRQHandler
                0x00000000080051c0                BusFault_Handler
                0x00000000080051c0                OTG_FS_IRQHandler
                0x00000000080051c0                SPI3_IRQHandler
                0x00000000080051c0                DMA1_Stream4_IRQHandler
                0x00000000080051c0                I2C1_ER_IRQHandler
                0x00000000080051c0                DMA2_Stream6_IRQHandler
                0x00000000080051c0                SAI1_IRQHandler
                0x00000000080051c0                DMA1_Stream3_IRQHandler
 .text.SystemInit
                0x00000000080051c4       0x68 build/main/CORTEX_M4F_STM32F4/startup/system_stm32f4xx.o
                0x00000000080051c4                SystemInit
 .text.SetSysClock
                0x000000000800522c       0xf4 build/main/CORTEX_M4F_STM32F4/startup/system_stm32f4xx.o
 .text.startup.register_fini
                0x0000000008005320       0x14 /usr/bin/../lib/gcc/arm-none-eabi/4.8.4/../../../../arm-none-eabi/lib/armv7e-m/softfp/libg.a(lib_a-__call_atexit.o)
 .text.atexit   0x0000000008005334        0xc /usr/bin/../lib/gcc/arm-none-eabi/4.8.4/../../../../arm-none-eabi/lib/armv7e-m/softfp/libg.a(lib_a-atexit.o)
                0x0000000008005334                atexit
 .text.__libc_fini_array
                0x0000000008005340       0x30 /usr/bin/../lib/gcc/arm-none-eabi/4.8.4/../../../../arm-none-eabi/lib/armv7e-m/softfp/libg.a(lib_a-fini.o)
                0x0000000008005340                __libc_fini_array
 .text.__register_exitproc
                0x0000000008005370       0xa8 /usr/bin/../lib/gcc/arm-none-eabi/4.8.4/../../../../arm-none-eabi/lib/armv7e-m/softfp/libg.a(lib_a-__atexit.o)
                0x0000000008005370                __register_exitproc
 *(.glue_7)
 .glue_7        0x0000000000000000        0x0 linker stubs
 *(.glue_7t)
 .glue_7t       0x0000000000000000        0x0 linker stubs
 *(.eh_frame)
 .eh_frame      0x0000000008005418        0x0 /usr/bin/../lib/gcc/arm-none-eabi/4.8.4/armv7e-m/softfp/crtbegin.o
 *(.init)
 .init          0x0000000008005418        0x4 /usr/bin/../lib/gcc/arm-none-eabi/4.8.4/armv7e-m/softfp/crti.o
                0x0000000008005418                _init
 .init          0x000000000800541c        0x8 /usr/bin/../lib/gcc/arm-none-eabi/4.8.4/armv7e-m/softfp/crtn.o
 *(.fini)
 .fini          0x0000000008005424        0x4 /usr/bin/../lib/gcc/arm-none-eabi/4.8.4/armv7e-m/softfp/crti.o
                0x0000000008005424                _fini
 .fini          0x0000000008005428        0x8 /usr/bin/../lib/gcc/arm-none-eabi/4.8.4/armv7e-m/softfp/crtn.o
                0x0000000008005430                . = ALIGN (0x4)
                0x0000000008005430                _etext = .

.vfp11_veneer   0x0000000008005430        0x0
 .vfp11_veneer  0x0000000000000000        0x0 linker stubs

.v4_bx          0x0000000008005430        0x0
 .v4_bx         0x0000000000000000        0x0 linker stubs

.iplt           0x0000000008005430        0x0
 .iplt          0x0000000000000000        0x0 /usr/bin/../lib/gcc/arm-none-eabi/4.8.4/armv7e-m/softfp/crtbegin.o

.rodata         0x0000000008005430      0x5b0
                0x0000000008005430                . = ALIGN (0x4)
 *(.rodata)
 .rodata        0x0000000008005430       0x28 build/main/src/clib.o
 .rodata        0x0000000008005458       0x18 build/main/src/devfs.o
 .rodata        0x0000000008005470        0x4 build/main/src/fio.o
 .rodata        0x0000000008005474       0x60 build/main/src/main.o
 .rodata        0x00000000080054d4       0xa0 build/main/src/mmtest.o
 .rodata        0x0000000008005574        0x4 build/main/src/ramfs.o
 .rodata        0x0000000008005578      0x3a0 build/main/src/shell.o
 .rodata        0x0000000008005918        0x8 build/main/freertos/tasks.o
 *(.rodata*)
 .rodata.hcl    0x0000000008005920       0xb8 build/main/src/host.o
                0x0000000008005920                hcl
 .rodata.str1.4
                0x00000000080059d8        0x4 /usr/bin/../lib/gcc/arm-none-eabi/4.8.4/../../../../arm-none-eabi/lib/armv7e-m/softfp/libg.a(lib_a-impure.o)
 .rodata._global_impure_ptr
                0x00000000080059dc        0x4 /usr/bin/../lib/gcc/arm-none-eabi/4.8.4/../../../../arm-none-eabi/lib/armv7e-m/softfp/libg.a(lib_a-impure.o)
                0x00000000080059dc                _global_impure_ptr
                0x00000000080059e0                . = ALIGN (0x4)

.rel.dyn        0x00000000080059e0        0x0
 .rel.iplt      0x0000000000000000        0x0 /usr/bin/../lib/gcc/arm-none-eabi/4.8.4/armv7e-m/softfp/crtbegin.o

.ARM.extab
 *(.ARM.extab* .gnu.linkonce.armextab.*)

.ARM            0x00000000080059e0        0x0
                0x00000000080059e0                __exidx_start = .
 *(.ARM.exidx*)
                0x00000000080059e0                __exidx_end = .

.preinit_array  0x00000000080059e0        0x0
                0x00000000080059e0                PROVIDE (__preinit_array_start, .)
 *(.preinit_array*)
                0x00000000080059e0                PROVIDE (__preinit_array_end, .)

.init_array     0x00000000080059e0       0x10
                0x00000000080059e0                PROVIDE (__init_array_start, .)
 *(SORT(.init_array.*))
 .init_array.00000
                0x00000000080059e0        0x4 /usr/bin/../lib/gcc/arm-none-eabi/4.8.4/../../../../arm-none-eabi/lib/armv7e-m/softfp/libg.a(lib_a-__call_atexit.o)
 *(.init_array*)
 .init_array    0x00000000080059e4        0x4 /usr/bin/../lib/gcc/arm-none-eabi/4.8.4/armv7e-m/softfp/crtbegin.o
 .init_array    0x00000000080059e8        0x4 build/main/src/filesystem.o
 .init_array    0x00000000080059ec        0x4 build/main/src/fio.o
                0x00000000080059f0                PROVIDE (__init_array_end, .)

.fini_array     0x00000000080059f0        0x4
                0x00000000080059f0                PROVIDE (__fini_array_start, .)
 *(SORT(.fini_array.*))
 *(.fini_array*)
 .fini_array    0x00000000080059f0        0x4 /usr/bin/../lib/gcc/arm-none-eabi/4.8.4/armv7e-m/softfp/crtbegin.o
                0x00000000080059f4                PROVIDE (__fini_array_end, .)
                0x00000000080059f4                _sidata = LOADADDR (.data)

.data           0x0000000020000000      0x5e8 load address 0x00000000080059f4
                0x0000000020000000                . = ALIGN (0x4)
                0x0000000020000000                _sdata = .
 *(.data)
 *(.data*)
 .data.dev_superblock
                0x0000000020000000       0x24 build/main/src/devfs.o
                0x0000000020000000                dev_superblock
 .data.devfs_stdin_node
                0x0000000020000024       0x38 build/main/src/devfs.o
                0x0000000020000024                devfs_stdin_node
 .data.devfs_stdout_node
                0x000000002000005c       0x38 build/main/src/devfs.o
                0x000000002000005c                devfs_stdout_node
 .data.devfs_stderr_node
                0x0000000020000094       0x38 build/main/src/devfs.o
                0x0000000020000094                devfs_stderr_node
 .data.devfs_root_node
                0x00000000200000cc       0x38 build/main/src/devfs.o
                0x00000000200000cc                devfs_root_node
 .data.devfs_r  0x0000000020000104       0x10 build/main/src/devfs.o
                0x0000000020000104                devfs_r
 .data.lfsr     0x0000000020000114        0x4 build/main/src/mmtest.o
 .data.device_count
                0x0000000020000118        0x4 build/main/src/ramfs.o
 .data.ramfs_r  0x000000002000011c       0x10 build/main/src/ramfs.o
 .data.cl       0x000000002000012c       0x78 build/main/src/shell.o
                0x000000002000012c                cl
 .data.xNextTaskUnblockTime
                0x00000000200001a4        0x4 build/main/freertos/tasks.o
 .data.APBAHBPrescTable
                0x00000000200001a8       0x10 build/main/../STM32F429I-Discovery_FW_V1.0.1/Libraries/STM32F4xx_StdPeriph_Driver/src/stm32f4xx_rcc.o
 .data.uxCriticalNesting
                0x00000000200001b8        0x4 build/main/freertos/portable/GCC/ARM_CM4F/port.o
 *fill*         0x00000000200001bc        0x4 
 .data.impure_data
                0x00000000200001c0      0x428 /usr/bin/../lib/gcc/arm-none-eabi/4.8.4/../../../../arm-none-eabi/lib/armv7e-m/softfp/libg.a(lib_a-impure.o)
                0x00000000200005e8                . = ALIGN (0x4)
                0x00000000200005e8                _edata = .
                0x0000000008005fdc                _siccmram = LOADADDR (.ccmram)

.jcr            0x00000000200005e8        0x0 load address 0x0000000008005fdc
 .jcr           0x00000000200005e8        0x0 /usr/bin/../lib/gcc/arm-none-eabi/4.8.4/armv7e-m/softfp/crtbegin.o

.igot.plt       0x00000000200005e8        0x0 load address 0x0000000008005fdc
 .igot.plt      0x0000000000000000        0x0 /usr/bin/../lib/gcc/arm-none-eabi/4.8.4/armv7e-m/softfp/crtbegin.o

.ccmram         0x0000000010000000        0x0 load address 0x0000000008005fdc
                0x0000000010000000                . = ALIGN (0x4)
                0x0000000010000000                _sccmram = .
 *(.ccmram)
 *(.ccmram*)
                0x0000000010000000                . = ALIGN (0x4)
                0x0000000010000000                _eccmram = .
                0x0000000010000000                . = ALIGN (0x4)

.bss            0x00000000200005e8    0x136f4
                0x00000000200005e8                _sbss = .
                0x00000000200005e8                __bss_start__ = _sbss
 *(.bss)
 .bss           0x00000000200005e8       0x1c /usr/bin/../lib/gcc/arm-none-eabi/4.8.4/armv7e-m/softfp/crtbegin.o
 *(.bss*)
 .bss.buf.5312  0x0000000020000604       0x20 build/main/src/clib.o
 .bss.fss       0x0000000020000624      0x2c0 build/main/src/filesystem.o
 .bss.reg_fss   0x00000000200008e4        0x4 build/main/src/filesystem.o
 .bss.inode_pool
                0x00000000200008e8      0x1c0 build/main/src/filesystem.o
 .bss.fio_fds   0x0000000020000aa8      0x280 build/main/src/fio.o
 .bss.fio_dds   0x0000000020000d28       0x30 build/main/src/fio.o
 .bss.fio_sem   0x0000000020000d58        0x4 build/main/src/fio.o
 .bss.GCodeQueue
                0x0000000020000d5c        0x4 build/main/src/main.o
                0x0000000020000d5c                GCodeQueue
 .bss.serial_tx_wait_sem
                0x0000000020000d60        0x4 build/main/src/main.o
                0x0000000020000d60                serial_tx_wait_sem
 .bss.serial_rx_queue
                0x0000000020000d64        0x4 build/main/src/main.o
                0x0000000020000d64                serial_rx_queue
 .bss.xHigherPriorityTaskWoken.9348
                0x0000000020000d68        0x4 build/main/src/main.o
 .bss.write_pointer
                0x0000000020000d6c        0x4 build/main/src/mmtest.o
                0x0000000020000d6c                write_pointer
 .bss.read_pointer
                0x0000000020000d70        0x4 build/main/src/mmtest.o
                0x0000000020000d70                read_pointer
 .bss.slots     0x0000000020000d74     0xea60 build/main/src/mmtest.o
 .bss.ramfs_sb_list
                0x000000002000f7d4        0x4 build/main/src/ramfs.o
                0x000000002000f7d4                ramfs_sb_list
 .bss.pxCurrentTCB
                0x000000002000f7d8        0x4 build/main/freertos/tasks.o
                0x000000002000f7d8                pxCurrentTCB
 .bss.pxReadyTasksLists
                0x000000002000f7dc       0x64 build/main/freertos/tasks.o
 .bss.xDelayedTaskList1
                0x000000002000f840       0x14 build/main/freertos/tasks.o
 .bss.xDelayedTaskList2
                0x000000002000f854       0x14 build/main/freertos/tasks.o
 .bss.pxDelayedTaskList
                0x000000002000f868        0x4 build/main/freertos/tasks.o
 .bss.pxOverflowDelayedTaskList
                0x000000002000f86c        0x4 build/main/freertos/tasks.o
 .bss.xPendingReadyList
                0x000000002000f870       0x14 build/main/freertos/tasks.o
 .bss.xTasksWaitingTermination
                0x000000002000f884       0x14 build/main/freertos/tasks.o
 .bss.uxTasksDeleted
                0x000000002000f898        0x4 build/main/freertos/tasks.o
 .bss.xSuspendedTaskList
                0x000000002000f89c       0x14 build/main/freertos/tasks.o
 .bss.uxCurrentNumberOfTasks
                0x000000002000f8b0        0x4 build/main/freertos/tasks.o
 .bss.xTickCount
                0x000000002000f8b4        0x4 build/main/freertos/tasks.o
 .bss.uxTopReadyPriority
                0x000000002000f8b8        0x4 build/main/freertos/tasks.o
 .bss.xSchedulerRunning
                0x000000002000f8bc        0x4 build/main/freertos/tasks.o
 .bss.uxPendedTicks
                0x000000002000f8c0        0x4 build/main/freertos/tasks.o
 .bss.xYieldPending
                0x000000002000f8c4        0x4 build/main/freertos/tasks.o
 .bss.xNumOfOverflows
                0x000000002000f8c8        0x4 build/main/freertos/tasks.o
 .bss.uxTaskNumber
                0x000000002000f8cc        0x4 build/main/freertos/tasks.o
 .bss.uxSchedulerSuspended
                0x000000002000f8d0        0x4 build/main/freertos/tasks.o
 .bss.ucHeap    0x000000002000f8d4     0x4400 build/main/freertos/portable/MemMang/heap_1.o
 .bss.xNextFreeByte
                0x0000000020013cd4        0x4 build/main/freertos/portable/MemMang/heap_1.o
 .bss.pucAlignedHeap.4558
                0x0000000020013cd8        0x4 build/main/freertos/portable/MemMang/heap_1.o
 *(COMMON)
                0x0000000020013cdc                . = ALIGN (0x4)
                0x0000000020013cdc                _ebss = .
                0x0000000020013cdc                __bss_end__ = _ebss

._user_heap_stack
                0x0000000020013cdc      0x400
                0x0000000020013cdc                . = ALIGN (0x4)
                0x0000000020013cdc                PROVIDE (end, .)
                0x0000000020013cdc                PROVIDE (_end, .)
                0x0000000020013cdc                . = (. + _Min_Heap_Size)
                0x00000000200140dc                . = (. + _Min_Stack_Size)
 *fill*         0x0000000020013cdc      0x400 
                0x00000000200140dc                . = ALIGN (0x4)

.memory_b1_text
 *(.mb1text)
 *(.mb1text*)
 *(.mb1rodata)
 *(.mb1rodata*)

/DISCARD/
 libc.a(*)
 libm.a(*)
 libgcc.a(*)

.ARM.attributes
                0x0000000000000000       0x2e
 *(.ARM.attributes)
 .ARM.attributes
                0x0000000000000000       0x22 /usr/bin/../lib/gcc/arm-none-eabi/4.8.4/armv7e-m/softfp/crti.o
 .ARM.attributes
                0x0000000000000022       0x32 /usr/bin/../lib/gcc/arm-none-eabi/4.8.4/armv7e-m/softfp/crtbegin.o
 .ARM.attributes
                0x0000000000000054       0x33 build/main/src/clib.o
 .ARM.attributes
                0x0000000000000087       0x33 build/main/src/devfs.o
 .ARM.attributes
                0x00000000000000ba       0x33 build/main/src/filesystem.o
 .ARM.attributes
                0x00000000000000ed       0x33 build/main/src/fio.o
 .ARM.attributes
                0x0000000000000120       0x33 build/main/src/hash-djb2.o
 .ARM.attributes
                0x0000000000000153       0x33 build/main/src/host.o
 .ARM.attributes
                0x0000000000000186       0x33 build/main/src/main.o
 .ARM.attributes
                0x00000000000001b9       0x33 build/main/src/mmtest.o
 .ARM.attributes
                0x00000000000001ec       0x33 build/main/src/osdebug.o
 .ARM.attributes
                0x000000000000021f       0x33 build/main/src/ramfs.o
 .ARM.attributes
                0x0000000000000252       0x33 build/main/src/shell.o
 .ARM.attributes
                0x0000000000000285       0x33 build/main/src/stm32_f429.o
 .ARM.attributes
                0x00000000000002b8       0x33 build/main/src/string-util.o
 .ARM.attributes
                0x00000000000002eb       0x33 build/main/freertos/list.o
 .ARM.attributes
                0x000000000000031e       0x33 build/main/freertos/queue.o
 .ARM.attributes
                0x0000000000000351       0x33 build/main/freertos/tasks.o
 .ARM.attributes
                0x0000000000000384       0x33 build/main/../STM32F429I-Discovery_FW_V1.0.1/Libraries/STM32F4xx_StdPeriph_Driver/src/misc.o
 .ARM.attributes
                0x00000000000003b7       0x33 build/main/../STM32F429I-Discovery_FW_V1.0.1/Libraries/STM32F4xx_StdPeriph_Driver/src/stm32f4xx_gpio.o
 .ARM.attributes
                0x00000000000003ea       0x33 build/main/../STM32F429I-Discovery_FW_V1.0.1/Libraries/STM32F4xx_StdPeriph_Driver/src/stm32f4xx_rcc.o
 .ARM.attributes
                0x000000000000041d       0x33 build/main/../STM32F429I-Discovery_FW_V1.0.1/Libraries/STM32F4xx_StdPeriph_Driver/src/stm32f4xx_usart.o
 .ARM.attributes
                0x0000000000000450       0x33 build/main/freertos/portable/MemMang/heap_1.o
 .ARM.attributes
                0x0000000000000483       0x33 build/main/freertos/portable/GCC/ARM_CM4F/port.o
 .ARM.attributes
                0x00000000000004b6       0x20 build/main/CORTEX_M4F_STM32F4/startup_stm32f429_439xx.o
 .ARM.attributes
                0x00000000000004d6       0x33 build/main/CORTEX_M4F_STM32F4/startup/system_stm32f4xx.o
 .ARM.attributes
                0x0000000000000509       0x32 /usr/bin/../lib/gcc/arm-none-eabi/4.8.4/../../../../arm-none-eabi/lib/armv7e-m/softfp/libg.a(lib_a-impure.o)
 .ARM.attributes
                0x000000000000053b       0x32 /usr/bin/../lib/gcc/arm-none-eabi/4.8.4/../../../../arm-none-eabi/lib/armv7e-m/softfp/libg.a(lib_a-__call_atexit.o)
 .ARM.attributes
                0x000000000000056d       0x32 /usr/bin/../lib/gcc/arm-none-eabi/4.8.4/../../../../arm-none-eabi/lib/armv7e-m/softfp/libg.a(lib_a-atexit.o)
 .ARM.attributes
                0x000000000000059f       0x32 /usr/bin/../lib/gcc/arm-none-eabi/4.8.4/../../../../arm-none-eabi/lib/armv7e-m/softfp/libg.a(lib_a-fini.o)
 .ARM.attributes
                0x00000000000005d1       0x32 /usr/bin/../lib/gcc/arm-none-eabi/4.8.4/../../../../arm-none-eabi/lib/armv7e-m/softfp/libg.a(lib_a-__atexit.o)
 .ARM.attributes
                0x0000000000000603       0x22 /usr/bin/../lib/gcc/arm-none-eabi/4.8.4/armv7e-m/softfp/crtn.o
OUTPUT(build/main/main.elf elf32-littlearm)

.debug_info     0x0000000000000000     0x89da
 .debug_info    0x0000000000000000      0x3a0 build/main/src/clib.o
 .debug_info    0x00000000000003a0      0x691 build/main/src/devfs.o
 .debug_info    0x0000000000000a31      0x6a3 build/main/src/filesystem.o
 .debug_info    0x00000000000010d4      0x91c build/main/src/fio.o
 .debug_info    0x00000000000019f0      0x129 build/main/src/hash-djb2.o
 .debug_info    0x0000000000001b19      0x32c build/main/src/host.o
 .debug_info    0x0000000000001e45      0x3f4 build/main/src/main.o
 .debug_info    0x0000000000002239      0x218 build/main/src/mmtest.o
 .debug_info    0x0000000000002451       0x61 build/main/src/osdebug.o
 .debug_info    0x00000000000024b2      0xa9b build/main/src/ramfs.o
 .debug_info    0x0000000000002f4d      0x63d build/main/src/shell.o
 .debug_info    0x000000000000358a      0x72a build/main/src/stm32_f429.o
 .debug_info    0x0000000000003cb4      0x30a build/main/src/string-util.o
 .debug_info    0x0000000000003fbe      0x2a1 build/main/freertos/list.o
 .debug_info    0x000000000000425f      0x9a2 build/main/freertos/queue.o
 .debug_info    0x0000000000004c01     0x1143 build/main/freertos/tasks.o
 .debug_info    0x0000000000005d44      0x524 build/main/../STM32F429I-Discovery_FW_V1.0.1/Libraries/STM32F4xx_StdPeriph_Driver/src/misc.o
 .debug_info    0x0000000000006268      0x5e1 build/main/../STM32F429I-Discovery_FW_V1.0.1/Libraries/STM32F4xx_StdPeriph_Driver/src/stm32f4xx_gpio.o
 .debug_info    0x0000000000006849      0xded build/main/../STM32F429I-Discovery_FW_V1.0.1/Libraries/STM32F4xx_StdPeriph_Driver/src/stm32f4xx_rcc.o
 .debug_info    0x0000000000007636      0x99e build/main/../STM32F429I-Discovery_FW_V1.0.1/Libraries/STM32F4xx_StdPeriph_Driver/src/stm32f4xx_usart.o
 .debug_info    0x0000000000007fd4      0x180 build/main/freertos/portable/MemMang/heap_1.o
 .debug_info    0x0000000000008154      0x24f build/main/freertos/portable/GCC/ARM_CM4F/port.o
 .debug_info    0x00000000000083a3       0x76 build/main/CORTEX_M4F_STM32F4/startup_stm32f429_439xx.o
 .debug_info    0x0000000000008419      0x5c1 build/main/CORTEX_M4F_STM32F4/startup/system_stm32f4xx.o

.debug_abbrev   0x0000000000000000     0x1eea
 .debug_abbrev  0x0000000000000000      0x110 build/main/src/clib.o
 .debug_abbrev  0x0000000000000110      0x184 build/main/src/devfs.o
 .debug_abbrev  0x0000000000000294      0x168 build/main/src/filesystem.o
 .debug_abbrev  0x00000000000003fc      0x1de build/main/src/fio.o
 .debug_abbrev  0x00000000000005da       0xa2 build/main/src/hash-djb2.o
 .debug_abbrev  0x000000000000067c      0x16b build/main/src/host.o
 .debug_abbrev  0x00000000000007e7      0x19a build/main/src/main.o
 .debug_abbrev  0x0000000000000981      0x127 build/main/src/mmtest.o
 .debug_abbrev  0x0000000000000aa8       0x60 build/main/src/osdebug.o
 .debug_abbrev  0x0000000000000b08      0x1ca build/main/src/ramfs.o
 .debug_abbrev  0x0000000000000cd2      0x1f7 build/main/src/shell.o
 .debug_abbrev  0x0000000000000ec9      0x12b build/main/src/stm32_f429.o
 .debug_abbrev  0x0000000000000ff4       0xd1 build/main/src/string-util.o
 .debug_abbrev  0x00000000000010c5       0xc1 build/main/freertos/list.o
 .debug_abbrev  0x0000000000001186      0x1a5 build/main/freertos/queue.o
 .debug_abbrev  0x000000000000132b      0x229 build/main/freertos/tasks.o
 .debug_abbrev  0x0000000000001554      0x14a build/main/../STM32F429I-Discovery_FW_V1.0.1/Libraries/STM32F4xx_StdPeriph_Driver/src/misc.o
 .debug_abbrev  0x000000000000169e      0x1a8 build/main/../STM32F429I-Discovery_FW_V1.0.1/Libraries/STM32F4xx_StdPeriph_Driver/src/stm32f4xx_gpio.o
 .debug_abbrev  0x0000000000001846      0x1bf build/main/../STM32F429I-Discovery_FW_V1.0.1/Libraries/STM32F4xx_StdPeriph_Driver/src/stm32f4xx_rcc.o
 .debug_abbrev  0x0000000000001a05      0x15a build/main/../STM32F429I-Discovery_FW_V1.0.1/Libraries/STM32F4xx_StdPeriph_Driver/src/stm32f4xx_usart.o
 .debug_abbrev  0x0000000000001b5f       0xf1 build/main/freertos/portable/MemMang/heap_1.o
 .debug_abbrev  0x0000000000001c50      0x14d build/main/freertos/portable/GCC/ARM_CM4F/port.o
 .debug_abbrev  0x0000000000001d9d       0x12 build/main/CORTEX_M4F_STM32F4/startup_stm32f429_439xx.o
 .debug_abbrev  0x0000000000001daf      0x13b build/main/CORTEX_M4F_STM32F4/startup/system_stm32f4xx.o

.debug_aranges  0x0000000000000000      0xb68
 .debug_aranges
                0x0000000000000000       0x60 build/main/src/clib.o
 .debug_aranges
                0x0000000000000060       0x60 build/main/src/devfs.o
 .debug_aranges
                0x00000000000000c0       0x48 build/main/src/filesystem.o
 .debug_aranges
                0x0000000000000108       0xb0 build/main/src/fio.o
 .debug_aranges
                0x00000000000001b8       0x20 build/main/src/hash-djb2.o
 .debug_aranges
                0x00000000000001d8       0x48 build/main/src/host.o
 .debug_aranges
                0x0000000000000220       0x48 build/main/src/main.o
 .debug_aranges
                0x0000000000000268       0x40 build/main/src/mmtest.o
 .debug_aranges
                0x00000000000002a8       0x20 build/main/src/osdebug.o
 .debug_aranges
                0x00000000000002c8       0x80 build/main/src/ramfs.o
 .debug_aranges
                0x0000000000000348       0x78 build/main/src/shell.o
 .debug_aranges
                0x00000000000003c0       0x48 build/main/src/stm32_f429.o
 .debug_aranges
                0x0000000000000408       0x48 build/main/src/string-util.o
 .debug_aranges
                0x0000000000000450       0x40 build/main/freertos/list.o
 .debug_aranges
                0x0000000000000490       0xc8 build/main/freertos/queue.o
 .debug_aranges
                0x0000000000000558      0x170 build/main/freertos/tasks.o
 .debug_aranges
                0x00000000000006c8       0x40 build/main/../STM32F429I-Discovery_FW_V1.0.1/Libraries/STM32F4xx_StdPeriph_Driver/src/misc.o
 .debug_aranges
                0x0000000000000708       0x88 build/main/../STM32F429I-Discovery_FW_V1.0.1/Libraries/STM32F4xx_StdPeriph_Driver/src/stm32f4xx_gpio.o
 .debug_aranges
                0x0000000000000790      0x1b8 build/main/../STM32F429I-Discovery_FW_V1.0.1/Libraries/STM32F4xx_StdPeriph_Driver/src/stm32f4xx_rcc.o
 .debug_aranges
                0x0000000000000948      0x100 build/main/../STM32F429I-Discovery_FW_V1.0.1/Libraries/STM32F4xx_StdPeriph_Driver/src/stm32f4xx_usart.o
 .debug_aranges
                0x0000000000000a48       0x38 build/main/freertos/portable/MemMang/heap_1.o
 .debug_aranges
                0x0000000000000a80       0x90 build/main/freertos/portable/GCC/ARM_CM4F/port.o
 .debug_aranges
                0x0000000000000b10       0x28 build/main/CORTEX_M4F_STM32F4/startup_stm32f429_439xx.o
 .debug_aranges
                0x0000000000000b38       0x30 build/main/CORTEX_M4F_STM32F4/startup/system_stm32f4xx.o

.debug_ranges   0x0000000000000000      0xa08
 .debug_ranges  0x0000000000000000       0x50 build/main/src/clib.o
 .debug_ranges  0x0000000000000050       0x50 build/main/src/devfs.o
 .debug_ranges  0x00000000000000a0       0x38 build/main/src/filesystem.o
 .debug_ranges  0x00000000000000d8       0xa0 build/main/src/fio.o
 .debug_ranges  0x0000000000000178       0x10 build/main/src/hash-djb2.o
 .debug_ranges  0x0000000000000188       0x38 build/main/src/host.o
 .debug_ranges  0x00000000000001c0       0x50 build/main/src/main.o
 .debug_ranges  0x0000000000000210       0x30 build/main/src/mmtest.o
 .debug_ranges  0x0000000000000240       0x10 build/main/src/osdebug.o
 .debug_ranges  0x0000000000000250       0x70 build/main/src/ramfs.o
 .debug_ranges  0x00000000000002c0       0x68 build/main/src/shell.o
 .debug_ranges  0x0000000000000328       0x38 build/main/src/stm32_f429.o
 .debug_ranges  0x0000000000000360       0x38 build/main/src/string-util.o
 .debug_ranges  0x0000000000000398       0x30 build/main/freertos/list.o
 .debug_ranges  0x00000000000003c8       0xb8 build/main/freertos/queue.o
 .debug_ranges  0x0000000000000480      0x160 build/main/freertos/tasks.o
 .debug_ranges  0x00000000000005e0       0x30 build/main/../STM32F429I-Discovery_FW_V1.0.1/Libraries/STM32F4xx_StdPeriph_Driver/src/misc.o
 .debug_ranges  0x0000000000000610       0x78 build/main/../STM32F429I-Discovery_FW_V1.0.1/Libraries/STM32F4xx_StdPeriph_Driver/src/stm32f4xx_gpio.o
 .debug_ranges  0x0000000000000688      0x1a8 build/main/../STM32F429I-Discovery_FW_V1.0.1/Libraries/STM32F4xx_StdPeriph_Driver/src/stm32f4xx_rcc.o
 .debug_ranges  0x0000000000000830       0xf0 build/main/../STM32F429I-Discovery_FW_V1.0.1/Libraries/STM32F4xx_StdPeriph_Driver/src/stm32f4xx_usart.o
 .debug_ranges  0x0000000000000920       0x28 build/main/freertos/portable/MemMang/heap_1.o
 .debug_ranges  0x0000000000000948       0x80 build/main/freertos/portable/GCC/ARM_CM4F/port.o
 .debug_ranges  0x00000000000009c8       0x20 build/main/CORTEX_M4F_STM32F4/startup_stm32f429_439xx.o
 .debug_ranges  0x00000000000009e8       0x20 build/main/CORTEX_M4F_STM32F4/startup/system_stm32f4xx.o

.debug_macro    0x0000000000000000    0x147e7
 .debug_macro   0x0000000000000000      0x1cc build/main/src/clib.o
 .debug_macro   0x00000000000001cc      0x87a build/main/src/clib.o
 .debug_macro   0x0000000000000a46      0x166 build/main/src/clib.o
 .debug_macro   0x0000000000000bac       0x16 build/main/src/clib.o
 .debug_macro   0x0000000000000bc2       0x44 build/main/src/clib.o
 .debug_macro   0x0000000000000c06      0x209 build/main/src/clib.o
 .debug_macro   0x0000000000000e0f       0x40 build/main/src/clib.o
 .debug_macro   0x0000000000000e4f       0xb2 build/main/src/clib.o
 .debug_macro   0x0000000000000f01       0xaf build/main/src/clib.o
 .debug_macro   0x0000000000000fb0       0x12 build/main/src/clib.o
 .debug_macro   0x0000000000000fc2       0x1f build/main/src/clib.o
 .debug_macro   0x0000000000000fe1      0x3a0 build/main/src/clib.o
 .debug_macro   0x0000000000001381       0x58 build/main/src/clib.o
 .debug_macro   0x00000000000013d9       0x35 build/main/src/clib.o
 .debug_macro   0x000000000000140e       0xa3 build/main/src/clib.o
 .debug_macro   0x00000000000014b1       0x16 build/main/src/clib.o
 .debug_macro   0x00000000000014c7       0x35 build/main/src/clib.o
 .debug_macro   0x00000000000014fc       0x10 build/main/src/clib.o
 .debug_macro   0x000000000000150c       0x52 build/main/src/clib.o
 .debug_macro   0x000000000000155e       0x16 build/main/src/clib.o
 .debug_macro   0x0000000000001574       0x43 build/main/src/clib.o
 .debug_macro   0x00000000000015b7      0x180 build/main/src/clib.o
 .debug_macro   0x0000000000001737       0x10 build/main/src/clib.o
 .debug_macro   0x0000000000001747       0x22 build/main/src/clib.o
 .debug_macro   0x0000000000001769       0xbd build/main/src/clib.o
 .debug_macro   0x0000000000001826       0x16 build/main/src/clib.o
 .debug_macro   0x000000000000183c      0x14a build/main/src/clib.o
 .debug_macro   0x0000000000001986       0x16 build/main/src/clib.o
 .debug_macro   0x000000000000199c      0x48e build/main/src/clib.o
 .debug_macro   0x0000000000001e2a       0xb0 build/main/src/clib.o
 .debug_macro   0x0000000000001eda       0x7e build/main/src/clib.o
 .debug_macro   0x0000000000001f58       0x10 build/main/src/clib.o
 .debug_macro   0x0000000000001f68       0x10 build/main/src/clib.o
 .debug_macro   0x0000000000001f78       0x52 build/main/src/clib.o
 .debug_macro   0x0000000000001fca      0x1ef build/main/src/devfs.o
 .debug_macro   0x00000000000021b9       0x4a build/main/src/devfs.o
 .debug_macro   0x0000000000002203      0x2a6 build/main/src/devfs.o
 .debug_macro   0x00000000000024a9       0x10 build/main/src/devfs.o
 .debug_macro   0x00000000000024b9      0x20f build/main/src/devfs.o
 .debug_macro   0x00000000000026c8       0x10 build/main/src/devfs.o
 .debug_macro   0x00000000000026d8       0x1c build/main/src/devfs.o
 .debug_macro   0x00000000000026f4      0x135 build/main/src/devfs.o
 .debug_macro   0x0000000000002829       0x1c build/main/src/devfs.o
 .debug_macro   0x0000000000002845       0x10 build/main/src/devfs.o
 .debug_macro   0x0000000000002855      0x211 build/main/src/filesystem.o
 .debug_macro   0x0000000000002a66       0x19 build/main/src/filesystem.o
 .debug_macro   0x0000000000002a7f      0x1ef build/main/src/fio.o
 .debug_macro   0x0000000000002c6e       0x16 build/main/src/fio.o
 .debug_macro   0x0000000000002c84       0x16 build/main/src/fio.o
 .debug_macro   0x0000000000002c9a       0xff build/main/src/hash-djb2.o
 .debug_macro   0x0000000000002d99       0xe4 build/main/src/host.o
 .debug_macro   0x0000000000002e7d       0x58 build/main/src/host.o
 .debug_macro   0x0000000000002ed5      0x3ac build/main/src/main.o
 .debug_macro   0x0000000000003281       0x64 build/main/src/main.o
 .debug_macro   0x00000000000032e5       0x3b build/main/src/main.o
 .debug_macro   0x0000000000003320       0x2d build/main/src/main.o
 .debug_macro   0x000000000000334d       0x42 build/main/src/main.o
 .debug_macro   0x000000000000338f      0xd39 build/main/src/main.o
 .debug_macro   0x00000000000040c8     0x901e build/main/src/main.o
 .debug_macro   0x000000000000d0e6       0x16 build/main/src/main.o
 .debug_macro   0x000000000000d0fc      0x44f build/main/src/main.o
 .debug_macro   0x000000000000d54b      0x3cf build/main/src/main.o
 .debug_macro   0x000000000000d91a      0x144 build/main/src/main.o
 .debug_macro   0x000000000000da5e      0x188 build/main/src/main.o
 .debug_macro   0x000000000000dbe6       0xb2 build/main/src/main.o
 .debug_macro   0x000000000000dc98      0x149 build/main/src/main.o
 .debug_macro   0x000000000000dde1      0x477 build/main/src/main.o
 .debug_macro   0x000000000000e258       0xae build/main/src/main.o
 .debug_macro   0x000000000000e306      0x41c build/main/src/main.o
 .debug_macro   0x000000000000e722      0x23a build/main/src/main.o
 .debug_macro   0x000000000000e95c      0x21e build/main/src/main.o
 .debug_macro   0x000000000000eb7a      0x478 build/main/src/main.o
 .debug_macro   0x000000000000eff2       0xc3 build/main/src/main.o
 .debug_macro   0x000000000000f0b5      0x2bc build/main/src/main.o
 .debug_macro   0x000000000000f371      0x2bb build/main/src/main.o
 .debug_macro   0x000000000000f62c       0x64 build/main/src/main.o
 .debug_macro   0x000000000000f690       0xe7 build/main/src/main.o
 .debug_macro   0x000000000000f777      0x62f build/main/src/main.o
 .debug_macro   0x000000000000fda6       0x40 build/main/src/main.o
 .debug_macro   0x000000000000fde6      0x57b build/main/src/main.o
 .debug_macro   0x0000000000010361      0x342 build/main/src/main.o
 .debug_macro   0x00000000000106a3      0x36c build/main/src/main.o
 .debug_macro   0x0000000000010a0f       0xf7 build/main/src/main.o
 .debug_macro   0x0000000000010b06      0x73b build/main/src/main.o
 .debug_macro   0x0000000000011241      0x223 build/main/src/main.o
 .debug_macro   0x0000000000011464       0x34 build/main/src/main.o
 .debug_macro   0x0000000000011498       0x82 build/main/src/main.o
 .debug_macro   0x000000000001151a       0x35 build/main/src/main.o
 .debug_macro   0x000000000001154f       0x79 build/main/src/main.o
 .debug_macro   0x00000000000115c8       0x69 build/main/src/main.o
 .debug_macro   0x0000000000011631       0x1c build/main/src/main.o
 .debug_macro   0x000000000001164d      0x1c9 build/main/src/mmtest.o
 .debug_macro   0x0000000000011816       0x11 build/main/src/osdebug.o
 .debug_macro   0x0000000000011827      0x1f9 build/main/src/ramfs.o
 .debug_macro   0x0000000000011a20      0x227 build/main/src/shell.o
 .debug_macro   0x0000000000011c47      0x1b0 build/main/src/stm32_f429.o
 .debug_macro   0x0000000000011df7       0xa5 build/main/src/string-util.o
 .debug_macro   0x0000000000011e9c       0x25 build/main/src/string-util.o
 .debug_macro   0x0000000000011ec1       0xee build/main/src/string-util.o
 .debug_macro   0x0000000000011faf      0x130 build/main/freertos/list.o
 .debug_macro   0x00000000000120df      0x1bb build/main/freertos/queue.o
 .debug_macro   0x000000000001229a      0x1fe build/main/freertos/tasks.o
 .debug_macro   0x0000000000012498       0x16 build/main/freertos/tasks.o
 .debug_macro   0x00000000000124ae      0x1d8 build/main/../STM32F429I-Discovery_FW_V1.0.1/Libraries/STM32F4xx_StdPeriph_Driver/src/misc.o
 .debug_macro   0x0000000000012686      0x88c build/main/../STM32F429I-Discovery_FW_V1.0.1/Libraries/STM32F4xx_StdPeriph_Driver/src/misc.o
 .debug_macro   0x0000000000012f12       0x52 build/main/../STM32F429I-Discovery_FW_V1.0.1/Libraries/STM32F4xx_StdPeriph_Driver/src/misc.o
 .debug_macro   0x0000000000012f64       0x35 build/main/../STM32F429I-Discovery_FW_V1.0.1/Libraries/STM32F4xx_StdPeriph_Driver/src/misc.o
 .debug_macro   0x0000000000012f99      0x20e build/main/../STM32F429I-Discovery_FW_V1.0.1/Libraries/STM32F4xx_StdPeriph_Driver/src/misc.o
 .debug_macro   0x00000000000131a7       0x7c build/main/../STM32F429I-Discovery_FW_V1.0.1/Libraries/STM32F4xx_StdPeriph_Driver/src/misc.o
 .debug_macro   0x0000000000013223      0x1d2 build/main/../STM32F429I-Discovery_FW_V1.0.1/Libraries/STM32F4xx_StdPeriph_Driver/src/stm32f4xx_gpio.o
 .debug_macro   0x00000000000133f5      0x2b6 build/main/../STM32F429I-Discovery_FW_V1.0.1/Libraries/STM32F4xx_StdPeriph_Driver/src/stm32f4xx_gpio.o
 .debug_macro   0x00000000000136ab      0x29c build/main/../STM32F429I-Discovery_FW_V1.0.1/Libraries/STM32F4xx_StdPeriph_Driver/src/stm32f4xx_rcc.o
 .debug_macro   0x0000000000013947      0x629 build/main/../STM32F429I-Discovery_FW_V1.0.1/Libraries/STM32F4xx_StdPeriph_Driver/src/stm32f4xx_rcc.o
 .debug_macro   0x0000000000013f70      0x1ea build/main/../STM32F429I-Discovery_FW_V1.0.1/Libraries/STM32F4xx_StdPeriph_Driver/src/stm32f4xx_usart.o
 .debug_macro   0x000000000001415a      0x21d build/main/../STM32F429I-Discovery_FW_V1.0.1/Libraries/STM32F4xx_StdPeriph_Driver/src/stm32f4xx_usart.o
 .debug_macro   0x0000000000014377      0x151 build/main/freertos/portable/MemMang/heap_1.o
 .debug_macro   0x00000000000144c8      0x156 build/main/freertos/portable/GCC/ARM_CM4F/port.o
 .debug_macro   0x000000000001461e      0x1c9 build/main/CORTEX_M4F_STM32F4/startup/system_stm32f4xx.o

.debug_line     0x0000000000000000     0x6bb8
 .debug_line    0x0000000000000000      0x454 build/main/src/clib.o
 .debug_line    0x0000000000000454      0x3e0 build/main/src/devfs.o
 .debug_line    0x0000000000000834      0x410 build/main/src/filesystem.o
 .debug_line    0x0000000000000c44      0x56d build/main/src/fio.o
 .debug_line    0x00000000000011b1      0x1be build/main/src/hash-djb2.o
 .debug_line    0x000000000000136f      0x22b build/main/src/host.o
 .debug_line    0x000000000000159a      0x759 build/main/src/main.o
 .debug_line    0x0000000000001cf3      0x325 build/main/src/mmtest.o
 .debug_line    0x0000000000002018       0x3c build/main/src/osdebug.o
 .debug_line    0x0000000000002054      0x530 build/main/src/ramfs.o
 .debug_line    0x0000000000002584      0x4b3 build/main/src/shell.o
 .debug_line    0x0000000000002a37      0x50c build/main/src/stm32_f429.o
 .debug_line    0x0000000000002f43      0x247 build/main/src/string-util.o
 .debug_line    0x000000000000318a      0x295 build/main/freertos/list.o
 .debug_line    0x000000000000341f      0x581 build/main/freertos/queue.o
 .debug_line    0x00000000000039a0      0x9a0 build/main/freertos/tasks.o
 .debug_line    0x0000000000004340      0x594 build/main/../STM32F429I-Discovery_FW_V1.0.1/Libraries/STM32F4xx_StdPeriph_Driver/src/misc.o
 .debug_line    0x00000000000048d4      0x68a build/main/../STM32F429I-Discovery_FW_V1.0.1/Libraries/STM32F4xx_StdPeriph_Driver/src/stm32f4xx_gpio.o
 .debug_line    0x0000000000004f5e      0x989 build/main/../STM32F429I-Discovery_FW_V1.0.1/Libraries/STM32F4xx_StdPeriph_Driver/src/stm32f4xx_rcc.o
 .debug_line    0x00000000000058e7      0x7da build/main/../STM32F429I-Discovery_FW_V1.0.1/Libraries/STM32F4xx_StdPeriph_Driver/src/stm32f4xx_usart.o
 .debug_line    0x00000000000060c1      0x28b build/main/freertos/portable/MemMang/heap_1.o
 .debug_line    0x000000000000634c      0x2d3 build/main/freertos/portable/GCC/ARM_CM4F/port.o
 .debug_line    0x000000000000661f       0x88 build/main/CORTEX_M4F_STM32F4/startup_stm32f429_439xx.o
 .debug_line    0x00000000000066a7      0x511 build/main/CORTEX_M4F_STM32F4/startup/system_stm32f4xx.o

.debug_str      0x0000000000000000    0x6f251
 .debug_str     0x0000000000000000     0x8c7f build/main/src/clib.o
                                       0x8ebc (size before relaxing)
 .debug_str     0x0000000000008c7f     0x11d6 build/main/src/devfs.o
                                       0x9f78 (size before relaxing)
 .debug_str     0x0000000000009e55       0xb9 build/main/src/filesystem.o
                                       0x9eae (size before relaxing)
 .debug_str     0x0000000000009f0e      0x155 build/main/src/fio.o
                                       0x9f04 (size before relaxing)
 .debug_str     0x000000000000a063       0x1f build/main/src/hash-djb2.o
                                       0x4b9e (size before relaxing)
 .debug_str     0x000000000000a082      0x1cb build/main/src/host.o
                                       0x4ef1 (size before relaxing)
 .debug_str     0x000000000000a24d    0x5fdd8 build/main/src/main.o
                                      0x69c63 (size before relaxing)
 .debug_str     0x000000000006a025       0x7b build/main/src/mmtest.o
                                       0x8d74 (size before relaxing)
 .debug_str     0x000000000006a0a0        0xe build/main/src/osdebug.o
                                       0x2505 (size before relaxing)
 .debug_str     0x000000000006a0ae      0x1cd build/main/src/ramfs.o
                                       0xa034 (size before relaxing)
 .debug_str     0x000000000006a27b      0x148 build/main/src/shell.o
                                       0xa965 (size before relaxing)
 .debug_str     0x000000000006a3c3      0x839 build/main/src/stm32_f429.o
                                      0x62c82 (size before relaxing)
 .debug_str     0x000000000006abfc      0x3bf build/main/src/string-util.o
                                       0x381e (size before relaxing)
 .debug_str     0x000000000006afbb      0x1bc build/main/freertos/list.o
                                       0x6adc (size before relaxing)
 .debug_str     0x000000000006b177      0x612 build/main/freertos/queue.o
                                       0x8d9d (size before relaxing)
 .debug_str     0x000000000006b789     0x15cb build/main/freertos/tasks.o
                                       0x9423 (size before relaxing)
 .debug_str     0x000000000006cd54      0x8af build/main/../STM32F429I-Discovery_FW_V1.0.1/Libraries/STM32F4xx_StdPeriph_Driver/src/misc.o
                                      0x62837 (size before relaxing)
 .debug_str     0x000000000006d603      0x1bf build/main/../STM32F429I-Discovery_FW_V1.0.1/Libraries/STM32F4xx_StdPeriph_Driver/src/stm32f4xx_gpio.o
                                      0x628d4 (size before relaxing)
 .debug_str     0x000000000006d7c2      0xd5c build/main/../STM32F429I-Discovery_FW_V1.0.1/Libraries/STM32F4xx_StdPeriph_Driver/src/stm32f4xx_rcc.o
                                      0x63398 (size before relaxing)
 .debug_str     0x000000000006e51e      0x4e7 build/main/../STM32F429I-Discovery_FW_V1.0.1/Libraries/STM32F4xx_StdPeriph_Driver/src/stm32f4xx_usart.o
                                      0x62be7 (size before relaxing)
 .debug_str     0x000000000006ea05       0xe6 build/main/freertos/portable/MemMang/heap_1.o
                                       0x6e7e (size before relaxing)
 .debug_str     0x000000000006eaeb      0x67b build/main/freertos/portable/GCC/ARM_CM4F/port.o
                                       0x60da (size before relaxing)
 .debug_str     0x000000000006f166       0xeb build/main/CORTEX_M4F_STM32F4/startup/system_stm32f4xx.o
                                      0x62600 (size before relaxing)

.comment        0x0000000000000000       0xb6
 .comment       0x0000000000000000       0x70 build/main/src/clib.o
                                         0x71 (size before relaxing)
 .comment       0x0000000000000000       0x71 build/main/src/devfs.o
 .comment       0x0000000000000000       0x71 build/main/src/filesystem.o
 .comment       0x0000000000000000       0x71 build/main/src/fio.o
 .comment       0x0000000000000000       0x71 build/main/src/hash-djb2.o
 .comment       0x0000000000000000       0x71 build/main/src/host.o
 .comment       0x0000000000000000       0x71 build/main/src/main.o
 .comment       0x0000000000000000       0x71 build/main/src/mmtest.o
 .comment       0x0000000000000000       0x71 build/main/src/osdebug.o
 .comment       0x0000000000000000       0x71 build/main/src/ramfs.o
 .comment       0x0000000000000000       0x71 build/main/src/shell.o
 .comment       0x0000000000000000       0x71 build/main/src/stm32_f429.o
 .comment       0x0000000000000000       0x71 build/main/src/string-util.o
 .comment       0x0000000000000000       0x71 build/main/freertos/list.o
 .comment       0x0000000000000000       0x71 build/main/freertos/queue.o
 .comment       0x0000000000000000       0x71 build/main/freertos/tasks.o
 .comment       0x0000000000000070       0x46 build/main/../STM32F429I-Discovery_FW_V1.0.1/Libraries/STM32F4xx_StdPeriph_Driver/src/misc.o
                                         0x47 (size before relaxing)
 .comment       0x0000000000000000       0x47 build/main/../STM32F429I-Discovery_FW_V1.0.1/Libraries/STM32F4xx_StdPeriph_Driver/src/stm32f4xx_gpio.o
 .comment       0x0000000000000000       0x47 build/main/../STM32F429I-Discovery_FW_V1.0.1/Libraries/STM32F4xx_StdPeriph_Driver/src/stm32f4xx_rcc.o
 .comment       0x0000000000000000       0x47 build/main/../STM32F429I-Discovery_FW_V1.0.1/Libraries/STM32F4xx_StdPeriph_Driver/src/stm32f4xx_usart.o
 .comment       0x0000000000000000       0x71 build/main/freertos/portable/MemMang/heap_1.o
 .comment       0x0000000000000000       0x71 build/main/freertos/portable/GCC/ARM_CM4F/port.o
 .comment       0x0000000000000000       0x71 build/main/CORTEX_M4F_STM32F4/startup/system_stm32f4xx.o

.debug_frame    0x0000000000000000     0x235c
 .debug_frame   0x0000000000000000      0x130 build/main/src/clib.o
 .debug_frame   0x0000000000000130      0x110 build/main/src/devfs.o
 .debug_frame   0x0000000000000240       0xc4 build/main/src/filesystem.o
 .debug_frame   0x0000000000000304      0x268 build/main/src/fio.o
 .debug_frame   0x000000000000056c       0x2c build/main/src/hash-djb2.o
 .debug_frame   0x0000000000000598       0xc8 build/main/src/host.o
 .debug_frame   0x0000000000000660       0xcc build/main/src/main.o
 .debug_frame   0x000000000000072c       0x94 build/main/src/mmtest.o
 .debug_frame   0x00000000000007c0       0x34 build/main/src/osdebug.o
 .debug_frame   0x00000000000007f4      0x1a8 build/main/src/ramfs.o
 .debug_frame   0x000000000000099c      0x188 build/main/src/shell.o
 .debug_frame   0x0000000000000b24       0xc4 build/main/src/stm32_f429.o
 .debug_frame   0x0000000000000be8       0xb8 build/main/src/string-util.o
 .debug_frame   0x0000000000000ca0       0x9c build/main/freertos/list.o
 .debug_frame   0x0000000000000d3c      0x2b8 build/main/freertos/queue.o
 .debug_frame   0x0000000000000ff4      0x530 build/main/freertos/tasks.o
 .debug_frame   0x0000000000001524       0x9c build/main/../STM32F429I-Discovery_FW_V1.0.1/Libraries/STM32F4xx_StdPeriph_Driver/src/misc.o
 .debug_frame   0x00000000000015c0      0x19c build/main/../STM32F429I-Discovery_FW_V1.0.1/Libraries/STM32F4xx_StdPeriph_Driver/src/stm32f4xx_gpio.o
 .debug_frame   0x000000000000175c      0x5b8 build/main/../STM32F429I-Discovery_FW_V1.0.1/Libraries/STM32F4xx_StdPeriph_Driver/src/stm32f4xx_rcc.o
 .debug_frame   0x0000000000001d14      0x344 build/main/../STM32F429I-Discovery_FW_V1.0.1/Libraries/STM32F4xx_StdPeriph_Driver/src/stm32f4xx_usart.o
 .debug_frame   0x0000000000002058       0x7c build/main/freertos/portable/MemMang/heap_1.o
 .debug_frame   0x00000000000020d4      0x160 build/main/freertos/portable/GCC/ARM_CM4F/port.o
 .debug_frame   0x0000000000002234       0x64 build/main/CORTEX_M4F_STM32F4/startup/system_stm32f4xx.o
 .debug_frame   0x0000000000002298       0x48 /usr/bin/../lib/gcc/arm-none-eabi/4.8.4/../../../../arm-none-eabi/lib/armv7e-m/softfp/libg.a(lib_a-__call_atexit.o)
 .debug_frame   0x00000000000022e0       0x20 /usr/bin/../lib/gcc/arm-none-eabi/4.8.4/../../../../arm-none-eabi/lib/armv7e-m/softfp/libg.a(lib_a-atexit.o)
 .debug_frame   0x0000000000002300       0x2c /usr/bin/../lib/gcc/arm-none-eabi/4.8.4/../../../../arm-none-eabi/lib/armv7e-m/softfp/libg.a(lib_a-fini.o)
 .debug_frame   0x000000000000232c       0x30 /usr/bin/../lib/gcc/arm-none-eabi/4.8.4/../../../../arm-none-eabi/lib/armv7e-m/softfp/libg.a(lib_a-__atexit.o)
