Archive member included because of file (symbol)

/usr/local/Cellar/gcc-arm-none-eabi/20140408/bin/../lib/gcc/arm-none-eabi/4.7.4/../../../../arm-none-eabi/lib/armv7e-m/softfp/libg.a(lib_a-__atexit.o)
                              /usr/local/Cellar/gcc-arm-none-eabi/20140408/bin/../lib/gcc/arm-none-eabi/4.7.4/../../../../arm-none-eabi/lib/armv7e-m/softfp/crt0.o (__register_exitproc)
/usr/local/Cellar/gcc-arm-none-eabi/20140408/bin/../lib/gcc/arm-none-eabi/4.7.4/../../../../arm-none-eabi/lib/armv7e-m/softfp/libg.a(lib_a-exit.o)
                              /usr/local/Cellar/gcc-arm-none-eabi/20140408/bin/../lib/gcc/arm-none-eabi/4.7.4/../../../../arm-none-eabi/lib/armv7e-m/softfp/crt0.o (exit)
/usr/local/Cellar/gcc-arm-none-eabi/20140408/bin/../lib/gcc/arm-none-eabi/4.7.4/../../../../arm-none-eabi/lib/armv7e-m/softfp/libg.a(lib_a-fini.o)
                              /usr/local/Cellar/gcc-arm-none-eabi/20140408/bin/../lib/gcc/arm-none-eabi/4.7.4/../../../../arm-none-eabi/lib/armv7e-m/softfp/crt0.o (__libc_fini_array)
/usr/local/Cellar/gcc-arm-none-eabi/20140408/bin/../lib/gcc/arm-none-eabi/4.7.4/../../../../arm-none-eabi/lib/armv7e-m/softfp/libg.a(lib_a-impure.o)
                              /usr/local/Cellar/gcc-arm-none-eabi/20140408/bin/../lib/gcc/arm-none-eabi/4.7.4/../../../../arm-none-eabi/lib/armv7e-m/softfp/libg.a(lib_a-__atexit.o) (_global_impure_ptr)
/usr/local/Cellar/gcc-arm-none-eabi/20140408/bin/../lib/gcc/arm-none-eabi/4.7.4/../../../../arm-none-eabi/lib/armv7e-m/softfp/libg.a(lib_a-init.o)
                              /usr/local/Cellar/gcc-arm-none-eabi/20140408/bin/../lib/gcc/arm-none-eabi/4.7.4/../../../../arm-none-eabi/lib/armv7e-m/softfp/crt0.o (__libc_init_array)
/usr/local/Cellar/gcc-arm-none-eabi/20140408/bin/../lib/gcc/arm-none-eabi/4.7.4/../../../../arm-none-eabi/lib/armv7e-m/softfp/libg.a(lib_a-__call_atexit.o)
                              /usr/local/Cellar/gcc-arm-none-eabi/20140408/bin/../lib/gcc/arm-none-eabi/4.7.4/../../../../arm-none-eabi/lib/armv7e-m/softfp/libg.a(lib_a-exit.o) (__call_exitprocs)
/usr/local/Cellar/gcc-arm-none-eabi/20140408/bin/../lib/gcc/arm-none-eabi/4.7.4/../../../../arm-none-eabi/lib/armv7e-m/softfp/libg.a(lib_a-atexit.o)
                              /usr/local/Cellar/gcc-arm-none-eabi/20140408/bin/../lib/gcc/arm-none-eabi/4.7.4/../../../../arm-none-eabi/lib/armv7e-m/softfp/libg.a(lib_a-__call_atexit.o) (atexit)

Discarded input sections

 .text          0x0000000000000000        0x0 /usr/local/Cellar/gcc-arm-none-eabi/20140408/bin/../lib/gcc/arm-none-eabi/4.7.4/armv7e-m/softfp/crti.o
 .data          0x0000000000000000        0x0 /usr/local/Cellar/gcc-arm-none-eabi/20140408/bin/../lib/gcc/arm-none-eabi/4.7.4/armv7e-m/softfp/crti.o
 .bss           0x0000000000000000        0x0 /usr/local/Cellar/gcc-arm-none-eabi/20140408/bin/../lib/gcc/arm-none-eabi/4.7.4/armv7e-m/softfp/crti.o
 .data          0x0000000000000000        0x4 /usr/local/Cellar/gcc-arm-none-eabi/20140408/bin/../lib/gcc/arm-none-eabi/4.7.4/armv7e-m/softfp/crtbegin.o
 .text          0x0000000000000000       0x70 /usr/local/Cellar/gcc-arm-none-eabi/20140408/bin/../lib/gcc/arm-none-eabi/4.7.4/../../../../arm-none-eabi/lib/armv7e-m/softfp/crt0.o
 .data          0x0000000000000000        0x0 /usr/local/Cellar/gcc-arm-none-eabi/20140408/bin/../lib/gcc/arm-none-eabi/4.7.4/../../../../arm-none-eabi/lib/armv7e-m/softfp/crt0.o
 .bss           0x0000000000000000        0x0 /usr/local/Cellar/gcc-arm-none-eabi/20140408/bin/../lib/gcc/arm-none-eabi/4.7.4/../../../../arm-none-eabi/lib/armv7e-m/softfp/crt0.o
 .ARM.extab     0x0000000000000000        0x0 /usr/local/Cellar/gcc-arm-none-eabi/20140408/bin/../lib/gcc/arm-none-eabi/4.7.4/../../../../arm-none-eabi/lib/armv7e-m/softfp/crt0.o
 .ARM.exidx     0x0000000000000000        0x8 /usr/local/Cellar/gcc-arm-none-eabi/20140408/bin/../lib/gcc/arm-none-eabi/4.7.4/../../../../arm-none-eabi/lib/armv7e-m/softfp/crt0.o
 .ARM.attributes
                0x0000000000000000       0x22 /usr/local/Cellar/gcc-arm-none-eabi/20140408/bin/../lib/gcc/arm-none-eabi/4.7.4/../../../../arm-none-eabi/lib/armv7e-m/softfp/crt0.o
 .group         0x0000000000000000        0x8 build/main/src/clib.o
 .group         0x0000000000000000        0x8 build/main/src/clib.o
 .group         0x0000000000000000        0x8 build/main/src/clib.o
 .group         0x0000000000000000        0x8 build/main/src/clib.o
 .group         0x0000000000000000        0x8 build/main/src/clib.o
 .group         0x0000000000000000        0x8 build/main/src/clib.o
 .group         0x0000000000000000        0x8 build/main/src/clib.o
 .group         0x0000000000000000        0x8 build/main/src/clib.o
 .group         0x0000000000000000        0x8 build/main/src/clib.o
 .group         0x0000000000000000        0x8 build/main/src/clib.o
 .group         0x0000000000000000        0x8 build/main/src/clib.o
 .group         0x0000000000000000        0x8 build/main/src/clib.o
[...]
Memory Configuration

Name             Origin             Length             Attributes
FLASH            0x0000000008000000 0x0000000000200000 xr
RAM              0x0000000020000000 0x0000000000030000 xrw
MEMORY_B1        0x0000000060000000 0x0000000000000000 xr
CCMRAM           0x0000000010000000 0x0000000000010000 rw
*default*        0x0000000000000000 0xffffffffffffffff

Linker script and memory map

LOAD /usr/local/Cellar/gcc-arm-none-eabi/20140408/bin/../lib/gcc/arm-none-eabi/4.7.4/armv7e-m/softfp/crti.o
LOAD /usr/local/Cellar/gcc-arm-none-eabi/20140408/bin/../lib/gcc/arm-none-eabi/4.7.4/armv7e-m/softfp/crtbegin.o
LOAD /usr/local/Cellar/gcc-arm-none-eabi/20140408/bin/../lib/gcc/arm-none-eabi/4.7.4/../../../../arm-none-eabi/lib/armv7e-m/softfp/crt0.o
LOAD build/main/src/clib.o
LOAD build/main/src/cnc_controller.o
LOAD build/main/src/devfs.o
LOAD build/main/src/filesystem.o
LOAD build/main/src/fio.o
LOAD build/main/src/hash-djb2.o
LOAD build/main/src/host.o
LOAD build/main/src/main.o
LOAD build/main/src/mmtest.o
LOAD build/main/src/osdebug.o
LOAD build/main/src/ramfs.o
LOAD build/main/src/shell.o
LOAD build/main/src/stm32_f429.o
LOAD build/main/src/string-util.o
LOAD build/main/freertos/croutine.o
LOAD build/main/freertos/event_groups.o
LOAD build/main/freertos/list.o
LOAD build/main/freertos/queue.o
LOAD build/main/freertos/tasks.o
LOAD build/main/freertos/timers.o
LOAD build/main/../STM32F429I-Discovery_FW_V1.0.1/Libraries/STM32F4xx_StdPeriph_Driver/src/misc.o
LOAD build/main/../STM32F429I-Discovery_FW_V1.0.1/Libraries/STM32F4xx_StdPeriph_Driver/src/stm32f4xx_adc.o
LOAD build/main/../STM32F429I-Discovery_FW_V1.0.1/Libraries/STM32F4xx_StdPeriph_Driver/src/stm32f4xx_can.o
LOAD build/main/../STM32F429I-Discovery_FW_V1.0.1/Libraries/STM32F4xx_StdPeriph_Driver/src/stm32f4xx_crc.o
LOAD build/main/../STM32F429I-Discovery_FW_V1.0.1/Libraries/STM32F4xx_StdPeriph_Driver/src/stm32f4xx_cryp.o
LOAD build/main/../STM32F429I-Discovery_FW_V1.0.1/Libraries/STM32F4xx_StdPeriph_Driver/src/stm32f4xx_cryp_aes.o
LOAD build/main/../STM32F429I-Discovery_FW_V1.0.1/Libraries/STM32F4xx_StdPeriph_Driver/src/stm32f4xx_cryp_des.o
LOAD build/main/../STM32F429I-Discovery_FW_V1.0.1/Libraries/STM32F4xx_StdPeriph_Driver/src/stm32f4xx_cryp_tdes.o
LOAD build/main/../STM32F429I-Discovery_FW_V1.0.1/Libraries/STM32F4xx_StdPeriph_Driver/src/stm32f4xx_dac.o
LOAD build/main/../STM32F429I-Discovery_FW_V1.0.1/Libraries/STM32F4xx_StdPeriph_Driver/src/stm32f4xx_dbgmcu.o
LOAD build/main/../STM32F429I-Discovery_FW_V1.0.1/Libraries/STM32F4xx_StdPeriph_Driver/src/stm32f4xx_dcmi.o
LOAD build/main/../STM32F429I-Discovery_FW_V1.0.1/Libraries/STM32F4xx_StdPeriph_Driver/src/stm32f4xx_dma.o
LOAD build/main/../STM32F429I-Discovery_FW_V1.0.1/Libraries/STM32F4xx_StdPeriph_Driver/src/stm32f4xx_dma2d.o
LOAD build/main/../STM32F429I-Discovery_FW_V1.0.1/Libraries/STM32F4xx_StdPeriph_Driver/src/stm32f4xx_exti.o
LOAD build/main/../STM32F429I-Discovery_FW_V1.0.1/Libraries/STM32F4xx_StdPeriph_Driver/src/stm32f4xx_flash.o
LOAD build/main/../STM32F429I-Discovery_FW_V1.0.1/Libraries/STM32F4xx_StdPeriph_Driver/src/stm32f4xx_fmc.o
LOAD build/main/../STM32F429I-Discovery_FW_V1.0.1/Libraries/STM32F4xx_StdPeriph_Driver/src/stm32f4xx_gpio.o
LOAD build/main/../STM32F429I-Discovery_FW_V1.0.1/Libraries/STM32F4xx_StdPeriph_Driver/src/stm32f4xx_hash.o
LOAD build/main/../STM32F429I-Discovery_FW_V1.0.1/Libraries/STM32F4xx_StdPeriph_Driver/src/stm32f4xx_hash_md5.o
LOAD build/main/../STM32F429I-Discovery_FW_V1.0.1/Libraries/STM32F4xx_StdPeriph_Driver/src/stm32f4xx_hash_sha1.o
LOAD build/main/../STM32F429I-Discovery_FW_V1.0.1/Libraries/STM32F4xx_StdPeriph_Driver/src/stm32f4xx_i2c.o
LOAD build/main/../STM32F429I-Discovery_FW_V1.0.1/Libraries/STM32F4xx_StdPeriph_Driver/src/stm32f4xx_iwdg.o
LOAD build/main/../STM32F429I-Discovery_FW_V1.0.1/Libraries/STM32F4xx_StdPeriph_Driver/src/stm32f4xx_ltdc.o
LOAD build/main/../STM32F429I-Discovery_FW_V1.0.1/Libraries/STM32F4xx_StdPeriph_Driver/src/stm32f4xx_pwr.o
LOAD build/main/../STM32F429I-Discovery_FW_V1.0.1/Libraries/STM32F4xx_StdPeriph_Driver/src/stm32f4xx_rcc.o
LOAD build/main/../STM32F429I-Discovery_FW_V1.0.1/Libraries/STM32F4xx_StdPeriph_Driver/src/stm32f4xx_rng.o
LOAD build/main/../STM32F429I-Discovery_FW_V1.0.1/Libraries/STM32F4xx_StdPeriph_Driver/src/stm32f4xx_rtc.o
LOAD build/main/../STM32F429I-Discovery_FW_V1.0.1/Libraries/STM32F4xx_StdPeriph_Driver/src/stm32f4xx_sai.o
LOAD build/main/../STM32F429I-Discovery_FW_V1.0.1/Libraries/STM32F4xx_StdPeriph_Driver/src/stm32f4xx_sdio.o
LOAD build/main/../STM32F429I-Discovery_FW_V1.0.1/Libraries/STM32F4xx_StdPeriph_Driver/src/stm32f4xx_spi.o
LOAD build/main/../STM32F429I-Discovery_FW_V1.0.1/Libraries/STM32F4xx_StdPeriph_Driver/src/stm32f4xx_syscfg.o
LOAD build/main/../STM32F429I-Discovery_FW_V1.0.1/Libraries/STM32F4xx_StdPeriph_Driver/src/stm32f4xx_tim.o
LOAD build/main/../STM32F429I-Discovery_FW_V1.0.1/Libraries/STM32F4xx_StdPeriph_Driver/src/stm32f4xx_usart.o
LOAD build/main/../STM32F429I-Discovery_FW_V1.0.1/Libraries/STM32F4xx_StdPeriph_Driver/src/stm32f4xx_wwdg.o
LOAD build/main/freertos/portable/MemMang/heap_1.o
LOAD build/main/freertos/portable/GCC/ARM_CM4F/port.o
LOAD build/main/CORTEX_M4F_STM32F4/startup_stm32f429_439xx.o
LOAD build/main/CORTEX_M4F_STM32F4/startup/system_stm32f4xx.o
START GROUP
LOAD /usr/local/Cellar/gcc-arm-none-eabi/20140408/bin/../lib/gcc/arm-none-eabi/4.7.4/armv7e-m/softfp/libgcc.a
LOAD /usr/local/Cellar/gcc-arm-none-eabi/20140408/bin/../lib/gcc/arm-none-eabi/4.7.4/../../../../arm-none-eabi/lib/armv7e-m/softfp/libg.a
LOAD /usr/local/Cellar/gcc-arm-none-eabi/20140408/bin/../lib/gcc/arm-none-eabi/4.7.4/../../../../arm-none-eabi/lib/armv7e-m/softfp/libc.a
END GROUP
LOAD /usr/local/Cellar/gcc-arm-none-eabi/20140408/bin/../lib/gcc/arm-none-eabi/4.7.4/armv7e-m/softfp/crtend.o
LOAD /usr/local/Cellar/gcc-arm-none-eabi/20140408/bin/../lib/gcc/arm-none-eabi/4.7.4/armv7e-m/softfp/crtn.o
                0x0000000020030000                _estack = 0x20030000
                0x0000000000000000                _Min_Heap_Size = 0x0
                0x0000000000000400                _Min_Stack_Size = 0x400

.isr_vector     0x0000000008000000      0x1ac
                0x0000000008000000                . = ALIGN (0x4)
 *(.isr_vector)
 .isr_vector    0x0000000008000000      0x1ac build/main/CORTEX_M4F_STM32F4/startup_stm32f429_439xx.o
                0x0000000008000000                g_pfnVectors
                0x00000000080001ac                . = ALIGN (0x4)

.text           0x00000000080001ac     0x6244
                0x00000000080001ac                . = ALIGN (0x4)
 *(.text)
 .text          0x00000000080001ac       0x54 /usr/local/Cellar/gcc-arm-none-eabi/20140408/bin/../lib/gcc/arm-none-eabi/4.7.4/armv7e-m/softfp/crtbegin.o
 *(.text*)
 .text.fio_printf
                0x0000000008000200      0x124 build/main/src/clib.o
                0x0000000008000200                fio_printf
 .text.strlen   0x0000000008000324       0x38 build/main/src/clib.o
                0x0000000008000324                strlen
 .text.strcat   0x000000000800035c       0x54 build/main/src/clib.o
                0x000000000800035c                strcat
 .text.itoa     0x00000000080003b0       0xc8 build/main/src/clib.o
                0x00000000080003b0                itoa
 .text.malloc   0x0000000008000478       0x1c build/main/src/clib.o
                0x0000000008000478                malloc
 .text.calloc   0x0000000008000494       0x24 build/main/src/clib.o
                0x0000000008000494                calloc
 .text.free     0x00000000080004b8       0x18 build/main/src/clib.o
                0x00000000080004b8                free
 .text.stdin_read
                0x00000000080004d0      0x104 build/main/src/devfs.o
                0x00000000080004d0                stdin_read
 .text.stdout_write
                0x00000000080005d4       0x44 build/main/src/devfs.o
                0x00000000080005d4                stdout_write
 .text.devfs_root_lookup
                0x0000000008000618       0x80 build/main/src/devfs.o
                0x0000000008000618                devfs_root_lookup
 .text.devfs_read_inode
                0x0000000008000698       0x8c build/main/src/devfs.o
                0x0000000008000698                devfs_read_inode
 .text.devfs_read_superblock
                0x0000000008000724       0x24 build/main/src/devfs.o
                0x0000000008000724                devfs_read_superblock
 .text.register_devfs
                0x0000000008000748       0x20 build/main/src/devfs.o
                0x0000000008000748                register_devfs
 .text.get_stdin_node
                0x0000000008000768       0x14 build/main/src/devfs.o
                0x0000000008000768                get_stdin_node
 .text.get_stdout_node
                0x000000000800077c       0x14 build/main/src/devfs.o
                0x000000000800077c                get_stdout_node
 .text.get_stderr_node
                0x0000000008000790       0x14 build/main/src/devfs.o
                0x0000000008000790                get_stderr_node
 .text.fs_init  0x00000000080007a4       0x30 build/main/src/filesystem.o
                0x00000000080007a4                fs_init
 .text.register_fs
                0x00000000080007d4       0x34 build/main/src/filesystem.o
                0x00000000080007d4                register_fs
 .text.fs_mount
                0x0000000008000808      0x128 build/main/src/filesystem.o
                0x0000000008000808                fs_mount
 .text.fs_get_inode
                0x0000000008000930      0x2c4 build/main/src/filesystem.o
                0x0000000008000930                fs_get_inode
 .text.fs_free_inode
                0x0000000008000bf4       0x20 build/main/src/filesystem.o
                0x0000000008000bf4                fs_free_inode
 .text.get_inode_by_path
                0x0000000008000c14      0x1c4 build/main/src/filesystem.o
                0x0000000008000c14                get_inode_by_path
 .text.fio_is_open_int
                0x0000000008000dd8       0x50 build/main/src/fio.o
 .text.fio_is_dir_open_int
                0x0000000008000e28       0x50 build/main/src/fio.o
 .text.fio_findfd
                0x0000000008000e78       0x3c build/main/src/fio.o
 .text.fio_finddd
                0x0000000008000eb4       0x3c build/main/src/fio.o
 .text.fio_open
                0x0000000008000ef0      0x324 build/main/src/fio.o
                0x0000000008000ef0                fio_open
 .text.fio_mkdir
                0x0000000008001214      0x1dc build/main/src/fio.o
                0x0000000008001214                fio_mkdir
 .text.fio_opendir
                0x00000000080013f0      0x2fc build/main/src/fio.o
                0x00000000080013f0                fio_opendir
 .text.fio_read
                0x00000000080016ec      0x14c build/main/src/fio.o
                0x00000000080016ec                fio_read
 .text.fio_readdir
                0x0000000008001838       0xd8 build/main/src/fio.o
                0x0000000008001838                fio_readdir
 .text.fio_write
                0x0000000008001910      0x154 build/main/src/fio.o
                0x0000000008001910                fio_write
 .text.fio_seek
                0x0000000008001a64      0x138 build/main/src/fio.o
                0x0000000008001a64                fio_seek
 .text.fio_seekdir
                0x0000000008001b9c       0xe8 build/main/src/fio.o
                0x0000000008001b9c                fio_seekdir
 .text.fio_close
                0x0000000008001c84       0xb0 build/main/src/fio.o
                0x0000000008001c84                fio_close
 .text.fio_closedir
                0x0000000008001d34       0xa8 build/main/src/fio.o
                0x0000000008001d34                fio_closedir
 .text.fio_init
                0x0000000008001ddc       0xa0 build/main/src/fio.o
                0x0000000008001ddc                fio_init
 .text.hash_djb2
                0x0000000008001e7c       0x6c build/main/src/hash-djb2.o
                0x0000000008001e7c                hash_djb2
 .text.host_call
                0x0000000008001ee8        0xc build/main/src/host.o
                0x0000000008001ee8                host_call
 .text.host_system
                0x0000000008001ef4       0x3c build/main/src/host.o
                0x0000000008001ef4                host_system
 .text.host_open
                0x0000000008001f30       0x48 build/main/src/host.o
                0x0000000008001f30                host_open
 .text.host_close
                0x0000000008001f78       0x30 build/main/src/host.o
                0x0000000008001f78                host_close
 .text.host_write
                0x0000000008001fa8       0x48 build/main/src/host.o
                0x0000000008001fa8                host_write
 .text.host_action
                0x0000000008001ff0       0x38 build/main/src/host.o
                0x0000000008001ff0                host_action
 .text.USART1_IRQHandler
                0x0000000008002028       0xc0 build/main/src/main.o
                0x0000000008002028                USART1_IRQHandler
 .text.send_byte
                0x00000000080020e8       0x5c build/main/src/main.o
                0x00000000080020e8                send_byte
 .text.recv_byte
                0x0000000008002144       0x4c build/main/src/main.o
                0x0000000008002144                recv_byte
 .text.command_prompt
                0x0000000008002190       0xac build/main/src/main.o
                0x0000000008002190                command_prompt
 .text.main     0x000000000800223c       0xdc build/main/src/main.o
                0x000000000800223c                main
 .text.vApplicationTickHook
                0x0000000008002318        0xc build/main/src/main.o
                0x0000000008002318                vApplicationTickHook
 .text.circbuf_size
                0x0000000008002324       0x48 build/main/src/mmtest.o
 .text.write_cb
                0x000000000800236c       0x9c build/main/src/mmtest.o
 .text.read_cb  0x0000000008002408       0xb8 build/main/src/mmtest.o
 .text.prng     0x00000000080024c0       0x58 build/main/src/mmtest.o
 .text.mmtest_command
                0x0000000008002518      0x170 build/main/src/mmtest.o
                0x0000000008002518                mmtest_command
 .text.osDbgPrintf
                0x0000000008002688       0x10 build/main/src/osdebug.o
                0x0000000008002688                osDbgPrintf
 .text.init_superblock
                0x0000000008002698       0x70 build/main/src/ramfs.o
 .text.add_inode
                0x0000000008002708       0xd0 build/main/src/ramfs.o
 .text.add_block
                0x00000000080027d8       0x80 build/main/src/ramfs.o
 .text.ramfs_write
                0x0000000008002858      0x1f0 build/main/src/ramfs.o
 .text.ramfs_read
                0x0000000008002a48      0x190 build/main/src/ramfs.o
 .text.ramfs_readdir
                0x0000000008002bd8       0xf8 build/main/src/ramfs.o
 .text.ramfs_seek
                0x0000000008002cd0       0xa4 build/main/src/ramfs.o
                0x0000000008002cd0                ramfs_seek
 .text.ramfs_i_create
                0x0000000008002d74       0xa0 build/main/src/ramfs.o
                0x0000000008002d74                ramfs_i_create
 .text.ramfs_i_mkdir
                0x0000000008002e14       0xac build/main/src/ramfs.o
                0x0000000008002e14                ramfs_i_mkdir
 .text.ramfs_i_lookup
                0x0000000008002ec0      0x110 build/main/src/ramfs.o
                0x0000000008002ec0                ramfs_i_lookup
 .text.ramfs_read_inode
                0x0000000008002fd0       0xc8 build/main/src/ramfs.o
                0x0000000008002fd0                ramfs_read_inode
 .text.ramfs_read_superblock
                0x0000000008003098       0x78 build/main/src/ramfs.o
                0x0000000008003098                ramfs_read_superblock
 .text.register_ramfs
                0x0000000008003110       0x1c build/main/src/ramfs.o
                0x0000000008003110                register_ramfs
 .text.parse_command
                0x000000000800312c       0xdc build/main/src/shell.o
                0x000000000800312c                parse_command
 .text.ls_command
                0x0000000008003208      0x298 build/main/src/shell.o
                0x0000000008003208                ls_command
 .text.filedump
                0x00000000080034a0       0x84 build/main/src/shell.o
                0x00000000080034a0                filedump
 .text.ps_command
                0x0000000008003524       0x14 build/main/src/shell.o
                0x0000000008003524                ps_command
 .text.cat_command
                0x0000000008003538       0x68 build/main/src/shell.o
                0x0000000008003538                cat_command
 .text.man_command
                0x00000000080035a0       0x90 build/main/src/shell.o
                0x00000000080035a0                man_command
 .text.host_command
                0x0000000008003630      0x114 build/main/src/shell.o
                0x0000000008003630                host_command
 .text.help_command
                0x0000000008003744       0x84 build/main/src/shell.o
                0x0000000008003744                help_command
 .text.test_command
                0x00000000080037c8       0xa0 build/main/src/shell.o
                0x00000000080037c8                test_command
 .text.test_ramfs_command
                0x0000000008003868       0x90 build/main/src/shell.o
                0x0000000008003868                test_ramfs_command
 .text.do_command
                0x00000000080038f8       0x74 build/main/src/shell.o
                0x00000000080038f8                do_command
 .text.RCC_Configuration
                0x000000000800396c       0x20 build/main/src/stm32_f429.o
                0x000000000800396c                RCC_Configuration
 .text.GPIO_Configuration
                0x000000000800398c       0x64 build/main/src/stm32_f429.o
                0x000000000800398c                GPIO_Configuration
 .text.USART1_Configuration
                0x00000000080039f0       0x54 build/main/src/stm32_f429.o
                0x00000000080039f0                USART1_Configuration
 .text.init_rs232
                0x0000000008003a44       0x14 build/main/src/stm32_f429.o
                0x0000000008003a44                init_rs232
 .text.enable_rs232_interrupts
                0x0000000008003a58       0x54 build/main/src/stm32_f429.o
                0x0000000008003a58                enable_rs232_interrupts
 .text.enable_rs232
                0x0000000008003aac       0x18 build/main/src/stm32_f429.o
                0x0000000008003aac                enable_rs232
 .text.memset   0x0000000008003ac4       0xac build/main/src/string-util.o
                0x0000000008003ac4                memset
 .text.memcpy   0x0000000008003b70       0xc4 build/main/src/string-util.o
                0x0000000008003b70                memcpy
 .text.strchr   0x0000000008003c34       0x48 build/main/src/string-util.o
                0x0000000008003c34                strchr
 .text.strcpy   0x0000000008003c7c       0x4c build/main/src/string-util.o
                0x0000000008003c7c                strcpy
 .text.strncpy  0x0000000008003cc8       0x68 build/main/src/string-util.o
                0x0000000008003cc8                strncpy
 .text.strcmp   0x0000000008003d30       0x48 build/main/src/string-util.o
                0x0000000008003d30                strcmp
 .text.vListInitialise
                0x0000000008003d78       0x40 build/main/freertos/list.o
                0x0000000008003d78                vListInitialise
 .text.vListInitialiseItem
                0x0000000008003db8       0x1c build/main/freertos/list.o
                0x0000000008003db8                vListInitialiseItem
 .text.vListInsertEnd
                0x0000000008003dd4       0x48 build/main/freertos/list.o
                0x0000000008003dd4                vListInsertEnd
 .text.vListInsert
                0x0000000008003e1c       0x74 build/main/freertos/list.o
                0x0000000008003e1c                vListInsert
 .text.uxListRemove
                0x0000000008003e90       0x58 build/main/freertos/list.o
                0x0000000008003e90                uxListRemove
 .text.xQueueGenericReset
                0x0000000008003ee8       0xb4 build/main/freertos/queue.o
                0x0000000008003ee8                xQueueGenericReset
 .text.xQueueGenericCreate
                0x0000000008003f9c       0x84 build/main/freertos/queue.o
                0x0000000008003f9c                xQueueGenericCreate
 .text.xQueueCreateMutex
                0x0000000008004020       0xa0 build/main/freertos/queue.o
                0x0000000008004020                xQueueCreateMutex
 .text.xQueueGenericSend
                0x00000000080040c0      0x12c build/main/freertos/queue.o
                0x00000000080040c0                xQueueGenericSend
 .text.xQueueGenericSendFromISR
                0x00000000080041ec       0x94 build/main/freertos/queue.o
                0x00000000080041ec                xQueueGenericSendFromISR
 .text.xQueueGenericReceive
                0x0000000008004280      0x18c build/main/freertos/queue.o
                0x0000000008004280                xQueueGenericReceive
 .text.prvCopyDataToQueue
                0x000000000800440c       0xdc build/main/freertos/queue.o
 .text.prvCopyDataFromQueue
                0x00000000080044e8       0x50 build/main/freertos/queue.o
 .text.prvUnlockQueue
                0x0000000008004538       0xa0 build/main/freertos/queue.o
 .text.prvIsQueueEmpty
                0x00000000080045d8       0x34 build/main/freertos/queue.o
 .text.prvIsQueueFull
                0x000000000800460c       0x38 build/main/freertos/queue.o
 .text.xTaskGenericCreate
                0x0000000008004644      0x198 build/main/freertos/tasks.o
                0x0000000008004644                xTaskGenericCreate
 .text.vTaskStartScheduler
                0x00000000080047dc       0x70 build/main/freertos/tasks.o
                0x00000000080047dc                vTaskStartScheduler
 .text.vTaskSuspendAll
                0x000000000800484c       0x24 build/main/freertos/tasks.o
                0x000000000800484c                vTaskSuspendAll
 .text.xTaskResumeAll
                0x0000000008004870      0x160 build/main/freertos/tasks.o
                0x0000000008004870                xTaskResumeAll
 .text.xTaskIncrementTick
                0x00000000080049d0      0x200 build/main/freertos/tasks.o
                0x00000000080049d0                xTaskIncrementTick
 .text.vTaskSwitchContext
                0x0000000008004bd0       0xd0 build/main/freertos/tasks.o
                0x0000000008004bd0                vTaskSwitchContext
 .text.vTaskPlaceOnEventList
                0x0000000008004ca0       0x78 build/main/freertos/tasks.o
                0x0000000008004ca0                vTaskPlaceOnEventList
 .text.xTaskRemoveFromEventList
                0x0000000008004d18       0xd0 build/main/freertos/tasks.o
                0x0000000008004d18                xTaskRemoveFromEventList
 .text.vTaskSetTimeOutState
                0x0000000008004de8       0x30 build/main/freertos/tasks.o
                0x0000000008004de8                vTaskSetTimeOutState
 .text.xTaskCheckForTimeOut
                0x0000000008004e18       0x98 build/main/freertos/tasks.o
                0x0000000008004e18                xTaskCheckForTimeOut
 .text.vTaskMissedYield
                0x0000000008004eb0       0x18 build/main/freertos/tasks.o
                0x0000000008004eb0                vTaskMissedYield
 .text.prvIdleTask
                0x0000000008004ec8       0x24 build/main/freertos/tasks.o
 .text.prvInitialiseTCBVariables
                0x0000000008004eec       0xa0 build/main/freertos/tasks.o
 .text.prvInitialiseTaskLists
                0x0000000008004f8c       0xa4 build/main/freertos/tasks.o
 .text.prvCheckTasksWaitingTermination
                0x0000000008005030       0x9c build/main/freertos/tasks.o
 .text.prvAddCurrentTaskToDelayedList
                0x00000000080050cc       0x8c build/main/freertos/tasks.o
 .text.prvAllocateTCBAndStack
                0x0000000008005158       0x70 build/main/freertos/tasks.o
 .text.prvDeleteTCB
                0x00000000080051c8       0x20 build/main/freertos/tasks.o
 .text.prvResetNextTaskUnblockTime
                0x00000000080051e8       0x5c build/main/freertos/tasks.o
 .text.xTaskGetCurrentTaskHandle
                0x0000000008005244       0x20 build/main/freertos/tasks.o
                0x0000000008005244                xTaskGetCurrentTaskHandle
 .text.vTaskPriorityInherit
                0x0000000008005264       0xf0 build/main/freertos/tasks.o
                0x0000000008005264                vTaskPriorityInherit
 .text.vTaskPriorityDisinherit
                0x0000000008005354       0x98 build/main/freertos/tasks.o
                0x0000000008005354                vTaskPriorityDisinherit
 .text.NVIC_Init
                0x00000000080053ec       0xe4 build/main/../STM32F429I-Discovery_FW_V1.0.1/Libraries/STM32F4xx_StdPeriph_Driver/src/misc.o
                0x00000000080053ec                NVIC_Init
 .text.GPIO_Init
                0x00000000080054d0      0x144 build/main/../STM32F429I-Discovery_FW_V1.0.1/Libraries/STM32F4xx_StdPeriph_Driver/src/stm32f4xx_gpio.o
                0x00000000080054d0                GPIO_Init
 .text.GPIO_PinAFConfig
                0x0000000008005614       0xa8 build/main/../STM32F429I-Discovery_FW_V1.0.1/Libraries/STM32F4xx_StdPeriph_Driver/src/stm32f4xx_gpio.o
                0x0000000008005614                GPIO_PinAFConfig
 .text.RCC_GetClocksFreq
                0x00000000080056bc      0x1cc build/main/../STM32F429I-Discovery_FW_V1.0.1/Libraries/STM32F4xx_StdPeriph_Driver/src/stm32f4xx_rcc.o
                0x00000000080056bc                RCC_GetClocksFreq
 .text.RCC_AHB1PeriphClockCmd
                0x0000000008005888       0x54 build/main/../STM32F429I-Discovery_FW_V1.0.1/Libraries/STM32F4xx_StdPeriph_Driver/src/stm32f4xx_rcc.o
                0x0000000008005888                RCC_AHB1PeriphClockCmd
 .text.RCC_APB2PeriphClockCmd
                0x00000000080058dc       0x54 build/main/../STM32F429I-Discovery_FW_V1.0.1/Libraries/STM32F4xx_StdPeriph_Driver/src/stm32f4xx_rcc.o
                0x00000000080058dc                RCC_APB2PeriphClockCmd
 .text.USART_Init
                0x0000000008005930      0x1ac build/main/../STM32F429I-Discovery_FW_V1.0.1/Libraries/STM32F4xx_StdPeriph_Driver/src/stm32f4xx_usart.o
                0x0000000008005930                USART_Init
 .text.USART_Cmd
                0x0000000008005adc       0x40 build/main/../STM32F429I-Discovery_FW_V1.0.1/Libraries/STM32F4xx_StdPeriph_Driver/src/stm32f4xx_usart.o
                0x0000000008005adc                USART_Cmd
 .text.USART_SendData
                0x0000000008005b1c       0x28 build/main/../STM32F429I-Discovery_FW_V1.0.1/Libraries/STM32F4xx_StdPeriph_Driver/src/stm32f4xx_usart.o
                0x0000000008005b1c                USART_SendData
 .text.USART_ReceiveData
                0x0000000008005b44       0x24 build/main/../STM32F429I-Discovery_FW_V1.0.1/Libraries/STM32F4xx_StdPeriph_Driver/src/stm32f4xx_usart.o
                0x0000000008005b44                USART_ReceiveData
 .text.USART_ITConfig
                0x0000000008005b68       0xa4 build/main/../STM32F429I-Discovery_FW_V1.0.1/Libraries/STM32F4xx_StdPeriph_Driver/src/stm32f4xx_usart.o
                0x0000000008005b68                USART_ITConfig
 .text.USART_GetITStatus
                0x0000000008005c0c       0xc4 build/main/../STM32F429I-Discovery_FW_V1.0.1/Libraries/STM32F4xx_StdPeriph_Driver/src/stm32f4xx_usart.o
                0x0000000008005c0c                USART_GetITStatus
 .text.pvPortMalloc
                0x0000000008005cd0       0xc0 build/main/freertos/portable/MemMang/heap_1.o
                0x0000000008005cd0                pvPortMalloc
 .text.vPortFree
                0x0000000008005d90       0x14 build/main/freertos/portable/MemMang/heap_1.o
                0x0000000008005d90                vPortFree
 .text.pxPortInitialiseStack
                0x0000000008005da4       0x74 build/main/freertos/portable/GCC/ARM_CM4F/port.o
                0x0000000008005da4                pxPortInitialiseStack
 .text.prvTaskExitError
                0x0000000008005e18        0xc build/main/freertos/portable/GCC/ARM_CM4F/port.o
 .text.SVC_Handler
                0x0000000008005e24       0x20 build/main/freertos/portable/GCC/ARM_CM4F/port.o
                0x0000000008005e24                SVC_Handler
 .text.prvPortStartFirstTask
                0x0000000008005e44       0x1c build/main/freertos/portable/GCC/ARM_CM4F/port.o
 .text.xPortStartScheduler
                0x0000000008005e60       0x74 build/main/freertos/portable/GCC/ARM_CM4F/port.o
                0x0000000008005e60                xPortStartScheduler
 .text.vPortYield
                0x0000000008005ed4       0x20 build/main/freertos/portable/GCC/ARM_CM4F/port.o
                0x0000000008005ed4                vPortYield
 .text.vPortEnterCritical
                0x0000000008005ef4       0x2c build/main/freertos/portable/GCC/ARM_CM4F/port.o
                0x0000000008005ef4                vPortEnterCritical
 .text.vPortExitCritical
                0x0000000008005f20       0x34 build/main/freertos/portable/GCC/ARM_CM4F/port.o
                0x0000000008005f20                vPortExitCritical
 .text.ulPortSetInterruptMask
                0x0000000008005f54       0x14 build/main/freertos/portable/GCC/ARM_CM4F/port.o
                0x0000000008005f54                ulPortSetInterruptMask
 .text.vPortClearInterruptMask
                0x0000000008005f68        0x8 build/main/freertos/portable/GCC/ARM_CM4F/port.o
                0x0000000008005f68                vPortClearInterruptMask
 .text.PendSV_Handler
                0x0000000008005f70       0x58 build/main/freertos/portable/GCC/ARM_CM4F/port.o
                0x0000000008005f70                PendSV_Handler
 .text.SysTick_Handler
                0x0000000008005fc8       0x2c build/main/freertos/portable/GCC/ARM_CM4F/port.o
                0x0000000008005fc8                SysTick_Handler
 .text.vPortSetupTimerInterrupt
                0x0000000008005ff4       0x2c build/main/freertos/portable/GCC/ARM_CM4F/port.o
                0x0000000008005ff4                vPortSetupTimerInterrupt
 .text.vPortEnableVFP
                0x0000000008006020       0x14 build/main/freertos/portable/GCC/ARM_CM4F/port.o
 .text.Reset_Handler
                0x0000000008006034       0x4c build/main/CORTEX_M4F_STM32F4/startup_stm32f429_439xx.o
                0x0000000008006034                Reset_Handler
 .text.Default_Handler
                0x0000000008006080        0x4 build/main/CORTEX_M4F_STM32F4/startup_stm32f429_439xx.o
                0x0000000008006080                DMA1_Stream3_IRQHandler
                0x0000000008006080                HASH_RNG_IRQHandler
                0x0000000008006080                EXTI2_IRQHandler
                0x0000000008006080                TIM8_CC_IRQHandler
                0x0000000008006080                DebugMon_Handler
                0x0000000008006080                UART8_IRQHandler
                0x0000000008006080                SPI4_IRQHandler
                0x0000000008006080                TIM1_CC_IRQHandler
                0x0000000008006080                DMA2_Stream5_IRQHandler
                0x0000000008006080                HardFault_Handler
                0x0000000008006080                DMA1_Stream5_IRQHandler
                0x0000000008006080                PVD_IRQHandler
                0x0000000008006080                SDIO_IRQHandler
                0x0000000008006080                TAMP_STAMP_IRQHandler
                0x0000000008006080                NMI_Handler
                0x0000000008006080                CAN2_RX1_IRQHandler
                0x0000000008006080                EXTI3_IRQHandler
                0x0000000008006080                TIM8_TRG_COM_TIM14_IRQHandler
                0x0000000008006080                TIM1_UP_TIM10_IRQHandler
                0x0000000008006080                TIM8_UP_TIM13_IRQHandler
                0x0000000008006080                I2C3_ER_IRQHandler
                0x0000000008006080                EXTI0_IRQHandler
                0x0000000008006080                I2C2_EV_IRQHandler
                0x0000000008006080                DMA1_Stream2_IRQHandler
                0x0000000008006080                CAN1_RX0_IRQHandler
                0x0000000008006080                FPU_IRQHandler
                0x0000000008006080                OTG_HS_WKUP_IRQHandler
                0x0000000008006080                UsageFault_Handler
                0x0000000008006080                LTDC_ER_IRQHandler
                0x0000000008006080                CAN2_SCE_IRQHandler
                0x0000000008006080                DMA2_Stream2_IRQHandler
                0x0000000008006080                SPI1_IRQHandler
                0x0000000008006080                TIM6_DAC_IRQHandler
                0x0000000008006080                TIM1_BRK_TIM9_IRQHandler
                0x0000000008006080                DCMI_IRQHandler
                0x0000000008006080                CAN2_RX0_IRQHandler
                0x0000000008006080                DMA2_Stream3_IRQHandler
                0x0000000008006080                USART6_IRQHandler
                0x0000000008006080                USART3_IRQHandler
                0x0000000008006080                CRYP_IRQHandler
                0x0000000008006080                CAN1_RX1_IRQHandler
                0x0000000008006080                UART5_IRQHandler
                0x0000000008006080                DMA2_Stream0_IRQHandler
                0x0000000008006080                TIM4_IRQHandler
                0x0000000008006080                I2C1_EV_IRQHandler
                0x0000000008006080                DMA1_Stream6_IRQHandler
                0x0000000008006080                DMA1_Stream1_IRQHandler
                0x0000000008006080                UART4_IRQHandler
                0x0000000008006080                TIM3_IRQHandler
                0x0000000008006080                RCC_IRQHandler
                0x0000000008006080                TIM8_BRK_TIM12_IRQHandler
                0x0000000008006080                Default_Handler
                0x0000000008006080                EXTI15_10_IRQHandler
                0x0000000008006080                ADC_IRQHandler
                0x0000000008006080                DMA1_Stream7_IRQHandler
                0x0000000008006080                SPI5_IRQHandler
                0x0000000008006080                TIM7_IRQHandler
                0x0000000008006080                CAN2_TX_IRQHandler
                0x0000000008006080                TIM5_IRQHandler
                0x0000000008006080                DMA2_Stream7_IRQHandler
                0x0000000008006080                I2C3_EV_IRQHandler
                0x0000000008006080                EXTI9_5_IRQHandler
                0x0000000008006080                RTC_WKUP_IRQHandler
                0x0000000008006080                LTDC_IRQHandler
                0x0000000008006080                ETH_WKUP_IRQHandler
                0x0000000008006080                SPI2_IRQHandler
                0x0000000008006080                OTG_HS_EP1_IN_IRQHandler
                0x0000000008006080                MemManage_Handler
                0x0000000008006080                DMA1_Stream0_IRQHandler
                0x0000000008006080                CAN1_TX_IRQHandler
                0x0000000008006080                EXTI4_IRQHandler
                0x0000000008006080                FSMC_IRQHandler
                0x0000000008006080                ETH_IRQHandler
                0x0000000008006080                OTG_HS_EP1_OUT_IRQHandler
                0x0000000008006080                WWDG_IRQHandler
                0x0000000008006080                SPI6_IRQHandler
                0x0000000008006080                TIM2_IRQHandler
                0x0000000008006080                OTG_FS_WKUP_IRQHandler
                0x0000000008006080                TIM1_TRG_COM_TIM11_IRQHandler
                0x0000000008006080                OTG_HS_IRQHandler
                0x0000000008006080                DMA2D_IRQHandler
                0x0000000008006080                EXTI1_IRQHandler
                0x0000000008006080                UART7_IRQHandler
                0x0000000008006080                USART2_IRQHandler
                0x0000000008006080                I2C2_ER_IRQHandler
                0x0000000008006080                DMA2_Stream1_IRQHandler
                0x0000000008006080                CAN1_SCE_IRQHandler
                0x0000000008006080                FLASH_IRQHandler
                0x0000000008006080                DMA2_Stream4_IRQHandler
                0x0000000008006080                BusFault_Handler
                0x0000000008006080                OTG_FS_IRQHandler
                0x0000000008006080                SPI3_IRQHandler
                0x0000000008006080                DMA1_Stream4_IRQHandler
                0x0000000008006080                I2C1_ER_IRQHandler
                0x0000000008006080                DMA2_Stream6_IRQHandler
                0x0000000008006080                SAI1_IRQHandler
                0x0000000008006080                RTC_Alarm_IRQHandler
 .text.SystemInit
                0x0000000008006084       0xb0 build/main/CORTEX_M4F_STM32F4/startup/system_stm32f4xx.o
                0x0000000008006084                SystemInit
 .text.SetSysClock
                0x0000000008006134      0x188 build/main/CORTEX_M4F_STM32F4/startup/system_stm32f4xx.o
 .text.__register_exitproc
                0x00000000080062bc       0xac /usr/local/Cellar/gcc-arm-none-eabi/20140408/bin/../lib/gcc/arm-none-eabi/4.7.4/../../../../arm-none-eabi/lib/armv7e-m/softfp/libg.a(lib_a-__atexit.o)
                0x00000000080062bc                __register_exitproc
 .text.__libc_fini_array
                0x0000000008006368       0x50 /usr/local/Cellar/gcc-arm-none-eabi/20140408/bin/../lib/gcc/arm-none-eabi/4.7.4/../../../../arm-none-eabi/lib/armv7e-m/softfp/libg.a(lib_a-fini.o)
                0x0000000008006368                __libc_fini_array
 .text.startup.register_fini
                0x00000000080063b8       0x14 /usr/local/Cellar/gcc-arm-none-eabi/20140408/bin/../lib/gcc/arm-none-eabi/4.7.4/../../../../arm-none-eabi/lib/armv7e-m/softfp/libg.a(lib_a-__call_atexit.o)
 .text.atexit   0x00000000080063cc        0xc /usr/local/Cellar/gcc-arm-none-eabi/20140408/bin/../lib/gcc/arm-none-eabi/4.7.4/../../../../arm-none-eabi/lib/armv7e-m/softfp/libg.a(lib_a-atexit.o)
                0x00000000080063cc                atexit
 *(.glue_7)
 .glue_7        0x0000000000000000        0x0 linker stubs
 *(.glue_7t)
 .glue_7t       0x0000000000000000        0x0 linker stubs
 *(.eh_frame)
 .eh_frame      0x00000000080063d8        0x0 /usr/local/Cellar/gcc-arm-none-eabi/20140408/bin/../lib/gcc/arm-none-eabi/4.7.4/armv7e-m/softfp/crtbegin.o
 *(.init)
 .init          0x00000000080063d8        0x4 /usr/local/Cellar/gcc-arm-none-eabi/20140408/bin/../lib/gcc/arm-none-eabi/4.7.4/armv7e-m/softfp/crti.o
                0x00000000080063d8                _init
 .init          0x00000000080063dc        0x8 /usr/local/Cellar/gcc-arm-none-eabi/20140408/bin/../lib/gcc/arm-none-eabi/4.7.4/armv7e-m/softfp/crtn.o
 *(.fini)
 .fini          0x00000000080063e4        0x4 /usr/local/Cellar/gcc-arm-none-eabi/20140408/bin/../lib/gcc/arm-none-eabi/4.7.4/armv7e-m/softfp/crti.o
                0x00000000080063e4                _fini
 .fini          0x00000000080063e8        0x8 /usr/local/Cellar/gcc-arm-none-eabi/20140408/bin/../lib/gcc/arm-none-eabi/4.7.4/armv7e-m/softfp/crtn.o
                0x00000000080063f0                . = ALIGN (0x4)
                0x00000000080063f0                _etext = .

.vfp11_veneer   0x00000000080063f0        0x0
 .vfp11_veneer  0x0000000000000000        0x0 linker stubs

.v4_bx          0x00000000080063f0        0x0
 .v4_bx         0x0000000000000000        0x0 linker stubs

.iplt           0x00000000080063f0        0x0
 .iplt          0x0000000000000000        0x0 /usr/local/Cellar/gcc-arm-none-eabi/20140408/bin/../lib/gcc/arm-none-eabi/4.7.4/armv7e-m/softfp/crtbegin.o

.rodata         0x00000000080063f0      0x5a8
                0x00000000080063f0                . = ALIGN (0x4)
 *(.rodata)
 .rodata        0x00000000080063f0       0x28 build/main/src/clib.o
 .rodata        0x0000000008006418       0x18 build/main/src/devfs.o
 .rodata        0x0000000008006430        0x4 build/main/src/fio.o
 .rodata        0x0000000008006434       0x64 build/main/src/main.o
 .rodata        0x0000000008006498       0xa0 build/main/src/mmtest.o
 .rodata        0x0000000008006538        0x4 build/main/src/ramfs.o
 .rodata        0x000000000800653c      0x394 build/main/src/shell.o
 .rodata        0x00000000080068d0        0x8 build/main/freertos/tasks.o
 *(.rodata*)
 .rodata.hcl    0x00000000080068d8       0xb8 build/main/src/host.o
                0x00000000080068d8                hcl
 .rodata.str1.4
                0x0000000008006990        0x4 /usr/local/Cellar/gcc-arm-none-eabi/20140408/bin/../lib/gcc/arm-none-eabi/4.7.4/../../../../arm-none-eabi/lib/armv7e-m/softfp/libg.a(lib_a-impure.o)
 .rodata._global_impure_ptr
                0x0000000008006994        0x4 /usr/local/Cellar/gcc-arm-none-eabi/20140408/bin/../lib/gcc/arm-none-eabi/4.7.4/../../../../arm-none-eabi/lib/armv7e-m/softfp/libg.a(lib_a-impure.o)
                0x0000000008006994                _global_impure_ptr
                0x0000000008006998                . = ALIGN (0x4)

.rel.dyn        0x0000000008006998        0x0
 .rel.iplt      0x0000000000000000        0x0 /usr/local/Cellar/gcc-arm-none-eabi/20140408/bin/../lib/gcc/arm-none-eabi/4.7.4/armv7e-m/softfp/crtbegin.o

.ARM.extab
 *(.ARM.extab* .gnu.linkonce.armextab.*)

.ARM            0x0000000008006998        0x0
                0x0000000008006998                __exidx_start = .
 *(.ARM.exidx*)
                0x0000000008006998                __exidx_end = .

.preinit_array  0x0000000008006998        0x0
                0x0000000008006998                PROVIDE (__preinit_array_start, .)
 *(.preinit_array*)
                0x0000000008006998                PROVIDE (__preinit_array_end, .)

.init_array     0x0000000008006998       0x10
                0x0000000008006998                PROVIDE (__init_array_start, .)
 *(SORT(.init_array.*))
 .init_array.00000
                0x0000000008006998        0x4 /usr/local/Cellar/gcc-arm-none-eabi/20140408/bin/../lib/gcc/arm-none-eabi/4.7.4/../../../../arm-none-eabi/lib/armv7e-m/softfp/libg.a(lib_a-__call_atexit.o)
 *(.init_array*)
 .init_array    0x000000000800699c        0x4 /usr/local/Cellar/gcc-arm-none-eabi/20140408/bin/../lib/gcc/arm-none-eabi/4.7.4/armv7e-m/softfp/crtbegin.o
 .init_array    0x00000000080069a0        0x4 build/main/src/filesystem.o
 .init_array    0x00000000080069a4        0x4 build/main/src/fio.o
                0x00000000080069a8                PROVIDE (__init_array_end, .)

.fini_array     0x00000000080069a8        0x4
                0x00000000080069a8                PROVIDE (__fini_array_start, .)
 *(SORT(.fini_array.*))
 *(.fini_array*)
 .fini_array    0x00000000080069a8        0x4 /usr/local/Cellar/gcc-arm-none-eabi/20140408/bin/../lib/gcc/arm-none-eabi/4.7.4/armv7e-m/softfp/crtbegin.o
                0x00000000080069ac                PROVIDE (__fini_array_end, .)
                0x00000000080069ac                _sidata = LOADADDR (.data)

.data           0x0000000020000000      0x5d8 load address 0x00000000080069ac
                0x0000000020000000                . = ALIGN (0x4)
                0x0000000020000000                _sdata = .
 *(.data)
 *(.data*)
 .data.dev_superblock
                0x0000000020000000       0x24 build/main/src/devfs.o
                0x0000000020000000                dev_superblock
 .data.devfs_stdin_node
                0x0000000020000024       0x38 build/main/src/devfs.o
                0x0000000020000024                devfs_stdin_node
 .data.devfs_stdout_node
                0x000000002000005c       0x38 build/main/src/devfs.o
                0x000000002000005c                devfs_stdout_node
 .data.devfs_stderr_node
                0x0000000020000094       0x38 build/main/src/devfs.o
                0x0000000020000094                devfs_stderr_node
 .data.devfs_root_node
                0x00000000200000cc       0x38 build/main/src/devfs.o
                0x00000000200000cc                devfs_root_node
 .data.devfs_r  0x0000000020000104       0x10 build/main/src/devfs.o
                0x0000000020000104                devfs_r
 .data.lfsr     0x0000000020000114        0x4 build/main/src/mmtest.o
 .data.device_count
                0x0000000020000118        0x4 build/main/src/ramfs.o
 .data.ramfs_r  0x000000002000011c       0x10 build/main/src/ramfs.o
 .data.cl       0x000000002000012c       0x6c build/main/src/shell.o
                0x000000002000012c                cl
 .data.xNextTaskUnblockTime
                0x0000000020000198        0x4 build/main/freertos/tasks.o
 .data.APBAHBPrescTable
                0x000000002000019c       0x10 build/main/../STM32F429I-Discovery_FW_V1.0.1/Libraries/STM32F4xx_StdPeriph_Driver/src/stm32f4xx_rcc.o
 .data.uxCriticalNesting
                0x00000000200001ac        0x4 build/main/freertos/portable/GCC/ARM_CM4F/port.o
 .data.impure_data
                0x00000000200001b0      0x428 /usr/local/Cellar/gcc-arm-none-eabi/20140408/bin/../lib/gcc/arm-none-eabi/4.7.4/../../../../arm-none-eabi/lib/armv7e-m/softfp/libg.a(lib_a-impure.o)
                0x00000000200005d8                . = ALIGN (0x4)
                0x00000000200005d8                _edata = .
                0x0000000008006f84                _siccmram = LOADADDR (.ccmram)

.jcr            0x00000000200005d8        0x0 load address 0x0000000008006f84
 .jcr           0x00000000200005d8        0x0 /usr/local/Cellar/gcc-arm-none-eabi/20140408/bin/../lib/gcc/arm-none-eabi/4.7.4/armv7e-m/softfp/crtbegin.o

.igot.plt       0x00000000200005d8        0x0 load address 0x0000000008006f84
 .igot.plt      0x0000000000000000        0x0 /usr/local/Cellar/gcc-arm-none-eabi/20140408/bin/../lib/gcc/arm-none-eabi/4.7.4/armv7e-m/softfp/crtbegin.o

.ccmram         0x0000000010000000        0x0 load address 0x0000000008006f84
                0x0000000010000000                . = ALIGN (0x4)
                0x0000000010000000                _sccmram = .
 *(.ccmram)
 *(.ccmram*)
                0x0000000010000000                . = ALIGN (0x4)
                0x0000000010000000                _eccmram = .
                0x0000000010000000                . = ALIGN (0x4)

.bss            0x00000000200005d8    0x136f0
                0x00000000200005d8                _sbss = .
                0x00000000200005d8                __bss_start__ = _sbss
 *(.bss)
 .bss           0x00000000200005d8       0x1c /usr/local/Cellar/gcc-arm-none-eabi/20140408/bin/../lib/gcc/arm-none-eabi/4.7.4/armv7e-m/softfp/crtbegin.o
 *(.bss*)
 .bss.buf.5293  0x00000000200005f4       0x20 build/main/src/clib.o
 .bss.fss       0x0000000020000614      0x2c0 build/main/src/filesystem.o
 .bss.reg_fss   0x00000000200008d4        0x4 build/main/src/filesystem.o
 .bss.inode_pool
                0x00000000200008d8      0x1c0 build/main/src/filesystem.o
 .bss.fio_fds   0x0000000020000a98      0x280 build/main/src/fio.o
 .bss.fio_dds   0x0000000020000d18       0x30 build/main/src/fio.o
 .bss.fio_sem   0x0000000020000d48        0x4 build/main/src/fio.o
 .bss.serial_tx_wait_sem
                0x0000000020000d4c        0x4 build/main/src/main.o
                0x0000000020000d4c                serial_tx_wait_sem
 .bss.serial_rx_queue
                0x0000000020000d50        0x4 build/main/src/main.o
                0x0000000020000d50                serial_rx_queue
 .bss.xHigherPriorityTaskWoken.9329
                0x0000000020000d54        0x4 build/main/src/main.o
 .bss.write_pointer
                0x0000000020000d58        0x4 build/main/src/mmtest.o
                0x0000000020000d58                write_pointer
 .bss.read_pointer
                0x0000000020000d5c        0x4 build/main/src/mmtest.o
                0x0000000020000d5c                read_pointer
 .bss.slots     0x0000000020000d60     0xea60 build/main/src/mmtest.o
 .bss.ramfs_sb_list
                0x000000002000f7c0        0x4 build/main/src/ramfs.o
                0x000000002000f7c0                ramfs_sb_list
 .bss.pxCurrentTCB
                0x000000002000f7c4        0x4 build/main/freertos/tasks.o
                0x000000002000f7c4                pxCurrentTCB
 .bss.pxReadyTasksLists
                0x000000002000f7c8       0x64 build/main/freertos/tasks.o
 .bss.xDelayedTaskList1
                0x000000002000f82c       0x14 build/main/freertos/tasks.o
 .bss.xDelayedTaskList2
                0x000000002000f840       0x14 build/main/freertos/tasks.o
 .bss.pxDelayedTaskList
                0x000000002000f854        0x4 build/main/freertos/tasks.o
 .bss.pxOverflowDelayedTaskList
                0x000000002000f858        0x4 build/main/freertos/tasks.o
 .bss.xPendingReadyList
                0x000000002000f85c       0x14 build/main/freertos/tasks.o
 .bss.xTasksWaitingTermination
                0x000000002000f870       0x14 build/main/freertos/tasks.o
 .bss.uxTasksDeleted
                0x000000002000f884        0x4 build/main/freertos/tasks.o
 .bss.xSuspendedTaskList
                0x000000002000f888       0x14 build/main/freertos/tasks.o
 .bss.uxCurrentNumberOfTasks
                0x000000002000f89c        0x4 build/main/freertos/tasks.o
 .bss.xTickCount
                0x000000002000f8a0        0x4 build/main/freertos/tasks.o
 .bss.uxTopReadyPriority
                0x000000002000f8a4        0x4 build/main/freertos/tasks.o
 .bss.xSchedulerRunning
                0x000000002000f8a8        0x4 build/main/freertos/tasks.o
 .bss.uxPendedTicks
                0x000000002000f8ac        0x4 build/main/freertos/tasks.o
 .bss.xYieldPending
                0x000000002000f8b0        0x4 build/main/freertos/tasks.o
 .bss.xNumOfOverflows
                0x000000002000f8b4        0x4 build/main/freertos/tasks.o
 .bss.uxTaskNumber
                0x000000002000f8b8        0x4 build/main/freertos/tasks.o
 .bss.uxSchedulerSuspended
                0x000000002000f8bc        0x4 build/main/freertos/tasks.o
 .bss.ucHeap    0x000000002000f8c0     0x4400 build/main/freertos/portable/MemMang/heap_1.o
 .bss.xNextFreeByte
                0x0000000020013cc0        0x4 build/main/freertos/portable/MemMang/heap_1.o
 .bss.pucAlignedHeap.4538
                0x0000000020013cc4        0x4 build/main/freertos/portable/MemMang/heap_1.o
 *(COMMON)
                0x0000000020013cc8                . = ALIGN (0x4)
                0x0000000020013cc8                _ebss = .
                0x0000000020013cc8                __bss_end__ = _ebss

._user_heap_stack
                0x0000000020013cc8      0x400
                0x0000000020013cc8                . = ALIGN (0x4)
                0x0000000020013cc8                PROVIDE (end, .)
                0x0000000020013cc8                PROVIDE (_end, .)
                0x0000000020013cc8                . = (. + _Min_Heap_Size)
                0x00000000200140c8                . = (. + _Min_Stack_Size)
 *fill*         0x0000000020013cc8      0x400 00
                0x00000000200140c8                . = ALIGN (0x4)

.memory_b1_text
 *(.mb1text)
 *(.mb1text*)
 *(.mb1rodata)
 *(.mb1rodata*)

/DISCARD/
 libc.a(*)
 libm.a(*)
 libgcc.a(*)

.ARM.attributes
                0x0000000000000000       0x30
 *(.ARM.attributes)
 .ARM.attributes
                0x0000000000000000       0x24 /usr/local/Cellar/gcc-arm-none-eabi/20140408/bin/../lib/gcc/arm-none-eabi/4.7.4/armv7e-m/softfp/crti.o
 .ARM.attributes
                0x0000000000000024       0x34 /usr/local/Cellar/gcc-arm-none-eabi/20140408/bin/../lib/gcc/arm-none-eabi/4.7.4/armv7e-m/softfp/crtbegin.o
 .ARM.attributes
                0x0000000000000058       0x35 build/main/src/clib.o
 .ARM.attributes
                0x000000000000008d       0x35 build/main/src/devfs.o
 .ARM.attributes
                0x00000000000000c2       0x35 build/main/src/filesystem.o
 .ARM.attributes
                0x00000000000000f7       0x35 build/main/src/fio.o
 .ARM.attributes
                0x000000000000012c       0x35 build/main/src/hash-djb2.o
 .ARM.attributes
                0x0000000000000161       0x35 build/main/src/host.o
 .ARM.attributes
                0x0000000000000196       0x35 build/main/src/main.o
 .ARM.attributes
                0x00000000000001cb       0x35 build/main/src/mmtest.o
 .ARM.attributes
                0x0000000000000200       0x35 build/main/src/osdebug.o
 .ARM.attributes
                0x0000000000000235       0x35 build/main/src/ramfs.o
 .ARM.attributes
                0x000000000000026a       0x35 build/main/src/shell.o
 .ARM.attributes
                0x000000000000029f       0x35 build/main/src/stm32_f429.o
 .ARM.attributes
                0x00000000000002d4       0x35 build/main/src/string-util.o
 .ARM.attributes
                0x0000000000000309       0x35 build/main/freertos/list.o
 .ARM.attributes
                0x000000000000033e       0x35 build/main/freertos/queue.o
 .ARM.attributes
                0x0000000000000373       0x35 build/main/freertos/tasks.o
 .ARM.attributes
                0x00000000000003a8       0x35 build/main/../STM32F429I-Discovery_FW_V1.0.1/Libraries/STM32F4xx_StdPeriph_Driver/src/misc.o
 .ARM.attributes
                0x00000000000003dd       0x35 build/main/../STM32F429I-Discovery_FW_V1.0.1/Libraries/STM32F4xx_StdPeriph_Driver/src/stm32f4xx_gpio.o
 .ARM.attributes
                0x0000000000000412       0x35 build/main/../STM32F429I-Discovery_FW_V1.0.1/Libraries/STM32F4xx_StdPeriph_Driver/src/stm32f4xx_rcc.o
 .ARM.attributes
                0x0000000000000447       0x35 build/main/../STM32F429I-Discovery_FW_V1.0.1/Libraries/STM32F4xx_StdPeriph_Driver/src/stm32f4xx_usart.o
 .ARM.attributes
                0x000000000000047c       0x35 build/main/freertos/portable/MemMang/heap_1.o
 .ARM.attributes
                0x00000000000004b1       0x35 build/main/freertos/portable/GCC/ARM_CM4F/port.o
 .ARM.attributes
                0x00000000000004e6       0x22 build/main/CORTEX_M4F_STM32F4/startup_stm32f429_439xx.o
 .ARM.attributes
                0x0000000000000508       0x35 build/main/CORTEX_M4F_STM32F4/startup/system_stm32f4xx.o
 .ARM.attributes
                0x000000000000053d       0x34 /usr/local/Cellar/gcc-arm-none-eabi/20140408/bin/../lib/gcc/arm-none-eabi/4.7.4/../../../../arm-none-eabi/lib/armv7e-m/softfp/libg.a(lib_a-__atexit.o)
 .ARM.attributes
                0x0000000000000571       0x34 /usr/local/Cellar/gcc-arm-none-eabi/20140408/bin/../lib/gcc/arm-none-eabi/4.7.4/../../../../arm-none-eabi/lib/armv7e-m/softfp/libg.a(lib_a-fini.o)
 .ARM.attributes
                0x00000000000005a5       0x34 /usr/local/Cellar/gcc-arm-none-eabi/20140408/bin/../lib/gcc/arm-none-eabi/4.7.4/../../../../arm-none-eabi/lib/armv7e-m/softfp/libg.a(lib_a-impure.o)
 .ARM.attributes
                0x00000000000005d9       0x34 /usr/local/Cellar/gcc-arm-none-eabi/20140408/bin/../lib/gcc/arm-none-eabi/4.7.4/../../../../arm-none-eabi/lib/armv7e-m/softfp/libg.a(lib_a-__call_atexit.o)
 .ARM.attributes
                0x000000000000060d       0x34 /usr/local/Cellar/gcc-arm-none-eabi/20140408/bin/../lib/gcc/arm-none-eabi/4.7.4/../../../../arm-none-eabi/lib/armv7e-m/softfp/libg.a(lib_a-atexit.o)
 .ARM.attributes
                0x0000000000000641       0x24 /usr/local/Cellar/gcc-arm-none-eabi/20140408/bin/../lib/gcc/arm-none-eabi/4.7.4/armv7e-m/softfp/crtn.o
OUTPUT(build/main/main.elf elf32-littlearm)

.debug_info     0x0000000000000000     0x918a
 .debug_info    0x0000000000000000      0x3d4 build/main/src/clib.o
 .debug_info    0x00000000000003d4      0x6f6 build/main/src/devfs.o
 .debug_info    0x0000000000000aca      0x6f1 build/main/src/filesystem.o
 .debug_info    0x00000000000011bb      0x99b build/main/src/fio.o
 .debug_info    0x0000000000001b56      0x11c build/main/src/hash-djb2.o
 .debug_info    0x0000000000001c72      0x356 build/main/src/host.o
 .debug_info    0x0000000000001fc8      0x3d9 build/main/src/main.o
 .debug_info    0x00000000000023a1      0x238 build/main/src/mmtest.o
 .debug_info    0x00000000000025d9       0x6a build/main/src/osdebug.o
 .debug_info    0x0000000000002643      0xb2b build/main/src/ramfs.o
 .debug_info    0x000000000000316e      0x626 build/main/src/shell.o
 .debug_info    0x0000000000003794      0x770 build/main/src/stm32_f429.o
 .debug_info    0x0000000000003f04      0x30b build/main/src/string-util.o
 .debug_info    0x000000000000420f      0x2c9 build/main/freertos/list.o
 .debug_info    0x00000000000044d8      0xa22 build/main/freertos/queue.o
 .debug_info    0x0000000000004efa     0x1236 build/main/freertos/tasks.o
 .debug_info    0x0000000000006130      0x59a build/main/../STM32F429I-Discovery_FW_V1.0.1/Libraries/STM32F4xx_StdPeriph_Driver/src/misc.o
 .debug_info    0x00000000000066ca      0x64b build/main/../STM32F429I-Discovery_FW_V1.0.1/Libraries/STM32F4xx_StdPeriph_Driver/src/stm32f4xx_gpio.o
 .debug_info    0x0000000000006d15      0xf43 build/main/../STM32F429I-Discovery_FW_V1.0.1/Libraries/STM32F4xx_StdPeriph_Driver/src/stm32f4xx_rcc.o
 .debug_info    0x0000000000007c58      0xa6d build/main/../STM32F429I-Discovery_FW_V1.0.1/Libraries/STM32F4xx_StdPeriph_Driver/src/stm32f4xx_usart.o
 .debug_info    0x00000000000086c5      0x182 build/main/freertos/portable/MemMang/heap_1.o
 .debug_info    0x0000000000008847      0x28b build/main/freertos/portable/GCC/ARM_CM4F/port.o
 .debug_info    0x0000000000008ad2       0x8c build/main/CORTEX_M4F_STM32F4/startup_stm32f429_439xx.o
 .debug_info    0x0000000000008b5e      0x62c build/main/CORTEX_M4F_STM32F4/startup/system_stm32f4xx.o

.debug_abbrev   0x0000000000000000     0x1ed6
 .debug_abbrev  0x0000000000000000      0x112 build/main/src/clib.o
 .debug_abbrev  0x0000000000000112      0x186 build/main/src/devfs.o
 .debug_abbrev  0x0000000000000298      0x16a build/main/src/filesystem.o
 .debug_abbrev  0x0000000000000402      0x1e0 build/main/src/fio.o
 .debug_abbrev  0x00000000000005e2       0xa4 build/main/src/hash-djb2.o
 .debug_abbrev  0x0000000000000686      0x16d build/main/src/host.o
 .debug_abbrev  0x00000000000007f3      0x1b4 build/main/src/main.o
 .debug_abbrev  0x00000000000009a7      0x141 build/main/src/mmtest.o
 .debug_abbrev  0x0000000000000ae8       0x62 build/main/src/osdebug.o
 .debug_abbrev  0x0000000000000b4a      0x1cc build/main/src/ramfs.o
 .debug_abbrev  0x0000000000000d16      0x18d build/main/src/shell.o
 .debug_abbrev  0x0000000000000ea3      0x12d build/main/src/stm32_f429.o
 .debug_abbrev  0x0000000000000fd0       0xd3 build/main/src/string-util.o
 .debug_abbrev  0x00000000000010a3       0xc3 build/main/freertos/list.o
 .debug_abbrev  0x0000000000001166      0x1a7 build/main/freertos/queue.o
 .debug_abbrev  0x000000000000130d      0x22b build/main/freertos/tasks.o
 .debug_abbrev  0x0000000000001538      0x12e build/main/../STM32F429I-Discovery_FW_V1.0.1/Libraries/STM32F4xx_StdPeriph_Driver/src/misc.o
 .debug_abbrev  0x0000000000001666      0x1aa build/main/../STM32F429I-Discovery_FW_V1.0.1/Libraries/STM32F4xx_StdPeriph_Driver/src/stm32f4xx_gpio.o
 .debug_abbrev  0x0000000000001810      0x1c1 build/main/../STM32F429I-Discovery_FW_V1.0.1/Libraries/STM32F4xx_StdPeriph_Driver/src/stm32f4xx_rcc.o
 .debug_abbrev  0x00000000000019d1      0x15c build/main/../STM32F429I-Discovery_FW_V1.0.1/Libraries/STM32F4xx_StdPeriph_Driver/src/stm32f4xx_usart.o
 .debug_abbrev  0x0000000000001b2d       0xf3 build/main/freertos/portable/MemMang/heap_1.o
 .debug_abbrev  0x0000000000001c20      0x167 build/main/freertos/portable/GCC/ARM_CM4F/port.o
 .debug_abbrev  0x0000000000001d87       0x12 build/main/CORTEX_M4F_STM32F4/startup_stm32f429_439xx.o
 .debug_abbrev  0x0000000000001d99      0x13d build/main/CORTEX_M4F_STM32F4/startup/system_stm32f4xx.o

.debug_loc      0x0000000000000000     0x3c8c
 .debug_loc     0x0000000000000000      0x212 build/main/src/clib.o
 .debug_loc     0x0000000000000212      0x1c8 build/main/src/devfs.o
 .debug_loc     0x00000000000003da      0x144 build/main/src/filesystem.o
 .debug_loc     0x000000000000051e      0x422 build/main/src/fio.o
 .debug_loc     0x0000000000000940       0x38 build/main/src/hash-djb2.o
 .debug_loc     0x0000000000000978      0x124 build/main/src/host.o
 .debug_loc     0x0000000000000a9c      0x146 build/main/src/main.o
 .debug_loc     0x0000000000000be2       0xd6 build/main/src/mmtest.o
 .debug_loc     0x0000000000000cb8       0x38 build/main/src/osdebug.o
 .debug_loc     0x0000000000000cf0      0x2d8 build/main/src/ramfs.o
 .debug_loc     0x0000000000000fc8      0x270 build/main/src/shell.o
 .debug_loc     0x0000000000001238      0x12c build/main/src/stm32_f429.o
 .debug_loc     0x0000000000001364      0x150 build/main/src/string-util.o
 .debug_loc     0x00000000000014b4      0x118 build/main/freertos/list.o
 .debug_loc     0x00000000000015cc      0x4d0 build/main/freertos/queue.o
 .debug_loc     0x0000000000001a9c      0x938 build/main/freertos/tasks.o
 .debug_loc     0x00000000000023d4      0x118 build/main/../STM32F429I-Discovery_FW_V1.0.1/Libraries/STM32F4xx_StdPeriph_Driver/src/misc.o
 .debug_loc     0x00000000000024ec      0x310 build/main/../STM32F429I-Discovery_FW_V1.0.1/Libraries/STM32F4xx_StdPeriph_Driver/src/stm32f4xx_gpio.o
 .debug_loc     0x00000000000027fc      0xb3c build/main/../STM32F429I-Discovery_FW_V1.0.1/Libraries/STM32F4xx_StdPeriph_Driver/src/stm32f4xx_rcc.o
 .debug_loc     0x0000000000003338      0x658 build/main/../STM32F429I-Discovery_FW_V1.0.1/Libraries/STM32F4xx_StdPeriph_Driver/src/stm32f4xx_usart.o
 .debug_loc     0x0000000000003990       0xc8 build/main/freertos/portable/MemMang/heap_1.o
 .debug_loc     0x0000000000003a58      0x198 build/main/freertos/portable/GCC/ARM_CM4F/port.o
 .debug_loc     0x0000000000003bf0       0x9c build/main/CORTEX_M4F_STM32F4/startup/system_stm32f4xx.o

.debug_aranges  0x0000000000000000      0xb60
 .debug_aranges
                0x0000000000000000       0x60 build/main/src/clib.o
 .debug_aranges
                0x0000000000000060       0x60 build/main/src/devfs.o
 .debug_aranges
                0x00000000000000c0       0x48 build/main/src/filesystem.o
 .debug_aranges
                0x0000000000000108       0xb0 build/main/src/fio.o
 .debug_aranges
                0x00000000000001b8       0x20 build/main/src/hash-djb2.o
 .debug_aranges
                0x00000000000001d8       0x48 build/main/src/host.o
 .debug_aranges
                0x0000000000000220       0x48 build/main/src/main.o
 .debug_aranges
                0x0000000000000268       0x40 build/main/src/mmtest.o
 .debug_aranges
                0x00000000000002a8       0x20 build/main/src/osdebug.o
 .debug_aranges
                0x00000000000002c8       0x80 build/main/src/ramfs.o
 .debug_aranges
                0x0000000000000348       0x70 build/main/src/shell.o
 .debug_aranges
                0x00000000000003b8       0x48 build/main/src/stm32_f429.o
 .debug_aranges
                0x0000000000000400       0x48 build/main/src/string-util.o
 .debug_aranges
                0x0000000000000448       0x40 build/main/freertos/list.o
 .debug_aranges
                0x0000000000000488       0xc8 build/main/freertos/queue.o
 .debug_aranges
                0x0000000000000550      0x170 build/main/freertos/tasks.o
 .debug_aranges
                0x00000000000006c0       0x40 build/main/../STM32F429I-Discovery_FW_V1.0.1/Libraries/STM32F4xx_StdPeriph_Driver/src/misc.o
 .debug_aranges
                0x0000000000000700       0x88 build/main/../STM32F429I-Discovery_FW_V1.0.1/Libraries/STM32F4xx_StdPeriph_Driver/src/stm32f4xx_gpio.o
 .debug_aranges
                0x0000000000000788      0x1b8 build/main/../STM32F429I-Discovery_FW_V1.0.1/Libraries/STM32F4xx_StdPeriph_Driver/src/stm32f4xx_rcc.o
 .debug_aranges
                0x0000000000000940      0x100 build/main/../STM32F429I-Discovery_FW_V1.0.1/Libraries/STM32F4xx_StdPeriph_Driver/src/stm32f4xx_usart.o
 .debug_aranges
                0x0000000000000a40       0x38 build/main/freertos/portable/MemMang/heap_1.o
 .debug_aranges
                0x0000000000000a78       0x90 build/main/freertos/portable/GCC/ARM_CM4F/port.o
 .debug_aranges
                0x0000000000000b08       0x28 build/main/CORTEX_M4F_STM32F4/startup_stm32f429_439xx.o
 .debug_aranges
                0x0000000000000b30       0x30 build/main/CORTEX_M4F_STM32F4/startup/system_stm32f4xx.o

.debug_ranges   0x0000000000000000      0xa00
 .debug_ranges  0x0000000000000000       0x50 build/main/src/clib.o
 .debug_ranges  0x0000000000000050       0x50 build/main/src/devfs.o
 .debug_ranges  0x00000000000000a0       0x38 build/main/src/filesystem.o
 .debug_ranges  0x00000000000000d8       0xa0 build/main/src/fio.o
 .debug_ranges  0x0000000000000178       0x10 build/main/src/hash-djb2.o
 .debug_ranges  0x0000000000000188       0x38 build/main/src/host.o
 .debug_ranges  0x00000000000001c0       0x50 build/main/src/main.o
 .debug_ranges  0x0000000000000210       0x30 build/main/src/mmtest.o
 .debug_ranges  0x0000000000000240       0x10 build/main/src/osdebug.o
 .debug_ranges  0x0000000000000250       0x70 build/main/src/ramfs.o
 .debug_ranges  0x00000000000002c0       0x60 build/main/src/shell.o
 .debug_ranges  0x0000000000000320       0x38 build/main/src/stm32_f429.o
 .debug_ranges  0x0000000000000358       0x38 build/main/src/string-util.o
 .debug_ranges  0x0000000000000390       0x30 build/main/freertos/list.o
 .debug_ranges  0x00000000000003c0       0xb8 build/main/freertos/queue.o
 .debug_ranges  0x0000000000000478      0x160 build/main/freertos/tasks.o
 .debug_ranges  0x00000000000005d8       0x30 build/main/../STM32F429I-Discovery_FW_V1.0.1/Libraries/STM32F4xx_StdPeriph_Driver/src/misc.o
 .debug_ranges  0x0000000000000608       0x78 build/main/../STM32F429I-Discovery_FW_V1.0.1/Libraries/STM32F4xx_StdPeriph_Driver/src/stm32f4xx_gpio.o
 .debug_ranges  0x0000000000000680      0x1a8 build/main/../STM32F429I-Discovery_FW_V1.0.1/Libraries/STM32F4xx_StdPeriph_Driver/src/stm32f4xx_rcc.o
 .debug_ranges  0x0000000000000828       0xf0 build/main/../STM32F429I-Discovery_FW_V1.0.1/Libraries/STM32F4xx_StdPeriph_Driver/src/stm32f4xx_usart.o
 .debug_ranges  0x0000000000000918       0x28 build/main/freertos/portable/MemMang/heap_1.o
 .debug_ranges  0x0000000000000940       0x80 build/main/freertos/portable/GCC/ARM_CM4F/port.o
 .debug_ranges  0x00000000000009c0       0x20 build/main/CORTEX_M4F_STM32F4/startup_stm32f429_439xx.o
 .debug_ranges  0x00000000000009e0       0x20 build/main/CORTEX_M4F_STM32F4/startup/system_stm32f4xx.o

.debug_macro    0x0000000000000000    0x13a4a
 .debug_macro   0x0000000000000000      0x1c3 build/main/src/clib.o
 .debug_macro   0x00000000000001c3      0x826 build/main/src/clib.o
 .debug_macro   0x00000000000009e9      0x16c build/main/src/clib.o
 .debug_macro   0x0000000000000b55       0x3a build/main/src/clib.o
 .debug_macro   0x0000000000000b8f       0x10 build/main/src/clib.o
 .debug_macro   0x0000000000000b9f       0x2e build/main/src/clib.o
 .debug_macro   0x0000000000000bcd       0xa3 build/main/src/clib.o
 .debug_macro   0x0000000000000c70      0x20e build/main/src/clib.o
 .debug_macro   0x0000000000000e7e       0x40 build/main/src/clib.o
 .debug_macro   0x0000000000000ebe       0xb2 build/main/src/clib.o
 .debug_macro   0x0000000000000f70       0xaf build/main/src/clib.o
 .debug_macro   0x000000000000101f       0x12 build/main/src/clib.o
 .debug_macro   0x0000000000001031       0x1f build/main/src/clib.o
 .debug_macro   0x0000000000001050      0x3a0 build/main/src/clib.o
 .debug_macro   0x00000000000013f0       0x10 build/main/src/clib.o
 .debug_macro   0x0000000000001400       0x35 build/main/src/clib.o
 .debug_macro   0x0000000000001435       0x10 build/main/src/clib.o
 .debug_macro   0x0000000000001445       0x3a build/main/src/clib.o
 .debug_macro   0x000000000000147f       0x52 build/main/src/clib.o
 .debug_macro   0x00000000000014d1       0x43 build/main/src/clib.o
 .debug_macro   0x0000000000001514      0x16d build/main/src/clib.o
 .debug_macro   0x0000000000001681       0x10 build/main/src/clib.o
 .debug_macro   0x0000000000001691       0x22 build/main/src/clib.o
 .debug_macro   0x00000000000016b3       0x91 build/main/src/clib.o
 .debug_macro   0x0000000000001744       0x16 build/main/src/clib.o
 .debug_macro   0x000000000000175a      0x14a build/main/src/clib.o
 .debug_macro   0x00000000000018a4       0x16 build/main/src/clib.o
 .debug_macro   0x00000000000018ba      0x495 build/main/src/clib.o
 .debug_macro   0x0000000000001d4f       0xb0 build/main/src/clib.o
 .debug_macro   0x0000000000001dff       0x7e build/main/src/clib.o
 .debug_macro   0x0000000000001e7d       0x10 build/main/src/clib.o
 .debug_macro   0x0000000000001e8d       0x10 build/main/src/clib.o
 .debug_macro   0x0000000000001e9d       0x52 build/main/src/clib.o
 .debug_macro   0x0000000000001eef      0x1df build/main/src/devfs.o
 .debug_macro   0x00000000000020ce       0x19 build/main/src/devfs.o
 .debug_macro   0x00000000000020e7       0x89 build/main/src/devfs.o
 .debug_macro   0x0000000000002170       0xf5 build/main/src/devfs.o
 .debug_macro   0x0000000000002265      0x214 build/main/src/devfs.o
 .debug_macro   0x0000000000002479       0x10 build/main/src/devfs.o
 .debug_macro   0x0000000000002489       0x16 build/main/src/devfs.o
 .debug_macro   0x000000000000249f      0x135 build/main/src/devfs.o
 .debug_macro   0x00000000000025d4       0x1c build/main/src/devfs.o
 .debug_macro   0x00000000000025f0       0x10 build/main/src/devfs.o
 .debug_macro   0x0000000000002600      0x1e8 build/main/src/filesystem.o
 .debug_macro   0x00000000000027e8      0x173 build/main/src/filesystem.o
 .debug_macro   0x000000000000295b       0x10 build/main/src/filesystem.o
 .debug_macro   0x000000000000296b      0x1df build/main/src/fio.o
 .debug_macro   0x0000000000002b4a       0x16 build/main/src/fio.o
 .debug_macro   0x0000000000002b60       0x16 build/main/src/fio.o
 .debug_macro   0x0000000000002b76       0xfa build/main/src/hash-djb2.o
 .debug_macro   0x0000000000002c70       0xcf build/main/src/host.o
 .debug_macro   0x0000000000002d3f      0x390 build/main/src/main.o
 .debug_macro   0x00000000000030cf       0x64 build/main/src/main.o
 .debug_macro   0x0000000000003133       0x3b build/main/src/main.o
 .debug_macro   0x000000000000316e       0x2d build/main/src/main.o
 .debug_macro   0x000000000000319b       0x42 build/main/src/main.o
 .debug_macro   0x00000000000031dd      0xd39 build/main/src/main.o
 .debug_macro   0x0000000000003f16     0x901e build/main/src/main.o
 .debug_macro   0x000000000000cf34       0x16 build/main/src/main.o
 .debug_macro   0x000000000000cf4a      0x44f build/main/src/main.o
 .debug_macro   0x000000000000d399      0x3cf build/main/src/main.o
 .debug_macro   0x000000000000d768      0x144 build/main/src/main.o
 .debug_macro   0x000000000000d8ac      0x188 build/main/src/main.o
 .debug_macro   0x000000000000da34       0xb2 build/main/src/main.o
 .debug_macro   0x000000000000dae6      0x149 build/main/src/main.o
 .debug_macro   0x000000000000dc2f      0x477 build/main/src/main.o
 .debug_macro   0x000000000000e0a6       0xae build/main/src/main.o
 .debug_macro   0x000000000000e154      0x41c build/main/src/main.o
 .debug_macro   0x000000000000e570      0x23a build/main/src/main.o
 .debug_macro   0x000000000000e7aa      0x21e build/main/src/main.o
 .debug_macro   0x000000000000e9c8      0x478 build/main/src/main.o
 .debug_macro   0x000000000000ee40       0xc3 build/main/src/main.o
 .debug_macro   0x000000000000ef03      0x2bc build/main/src/main.o
 .debug_macro   0x000000000000f1bf      0x2bb build/main/src/main.o
 .debug_macro   0x000000000000f47a       0x64 build/main/src/main.o
 .debug_macro   0x000000000000f4de       0xe7 build/main/src/main.o
 .debug_macro   0x000000000000f5c5      0x62f build/main/src/main.o
 .debug_macro   0x000000000000fbf4       0x40 build/main/src/main.o
 .debug_macro   0x000000000000fc34      0x57b build/main/src/main.o
 .debug_macro   0x00000000000101af      0x342 build/main/src/main.o
 .debug_macro   0x00000000000104f1      0x36c build/main/src/main.o
 .debug_macro   0x000000000001085d       0xf7 build/main/src/main.o
 .debug_macro   0x0000000000010954      0x73b build/main/src/main.o
 .debug_macro   0x000000000001108f      0x223 build/main/src/main.o
 .debug_macro   0x00000000000112b2       0x34 build/main/src/main.o
 .debug_macro   0x00000000000112e6       0x82 build/main/src/main.o
 .debug_macro   0x0000000000011368       0x35 build/main/src/main.o
 .debug_macro   0x000000000001139d       0x1c build/main/src/main.o
 .debug_macro   0x00000000000113b9      0x1c0 build/main/src/mmtest.o
 .debug_macro   0x0000000000011579       0x11 build/main/src/osdebug.o
 .debug_macro   0x000000000001158a      0x1e9 build/main/src/ramfs.o
 .debug_macro   0x0000000000011773      0x207 build/main/src/shell.o
 .debug_macro   0x000000000001197a      0x1d2 build/main/src/stm32_f429.o
 .debug_macro   0x0000000000011b4c       0xb8 build/main/src/string-util.o
 .debug_macro   0x0000000000011c04       0x2b build/main/src/string-util.o
 .debug_macro   0x0000000000011c2f       0xee build/main/src/string-util.o
 .debug_macro   0x0000000000011d1d      0x12d build/main/freertos/list.o
 .debug_macro   0x0000000000011e4a      0x19e build/main/freertos/queue.o
 .debug_macro   0x0000000000011fe8       0x12 build/main/freertos/queue.o
 .debug_macro   0x0000000000011ffa      0x1e1 build/main/freertos/tasks.o
 .debug_macro   0x00000000000121db       0x16 build/main/freertos/tasks.o
 .debug_macro   0x00000000000121f1      0x1d8 build/main/../STM32F429I-Discovery_FW_V1.0.1/Libraries/STM32F4xx_StdPeriph_Driver/src/misc.o
 .debug_macro   0x00000000000123c9       0x7c build/main/../STM32F429I-Discovery_FW_V1.0.1/Libraries/STM32F4xx_StdPeriph_Driver/src/misc.o
 .debug_macro   0x0000000000012445      0x1d2 build/main/../STM32F429I-Discovery_FW_V1.0.1/Libraries/STM32F4xx_StdPeriph_Driver/src/stm32f4xx_gpio.o
 .debug_macro   0x0000000000012617      0x2b6 build/main/../STM32F429I-Discovery_FW_V1.0.1/Libraries/STM32F4xx_StdPeriph_Driver/src/stm32f4xx_gpio.o
 .debug_macro   0x00000000000128cd      0x29c build/main/../STM32F429I-Discovery_FW_V1.0.1/Libraries/STM32F4xx_StdPeriph_Driver/src/stm32f4xx_rcc.o
 .debug_macro   0x0000000000012b69      0x629 build/main/../STM32F429I-Discovery_FW_V1.0.1/Libraries/STM32F4xx_StdPeriph_Driver/src/stm32f4xx_rcc.o
 .debug_macro   0x0000000000013192      0x1ea build/main/../STM32F429I-Discovery_FW_V1.0.1/Libraries/STM32F4xx_StdPeriph_Driver/src/stm32f4xx_usart.o
 .debug_macro   0x000000000001337c      0x21d build/main/../STM32F429I-Discovery_FW_V1.0.1/Libraries/STM32F4xx_StdPeriph_Driver/src/stm32f4xx_usart.o
 .debug_macro   0x0000000000013599      0x14e build/main/freertos/portable/MemMang/heap_1.o
 .debug_macro   0x00000000000136e7      0x178 build/main/freertos/portable/GCC/ARM_CM4F/port.o
 .debug_macro   0x000000000001385f      0x1eb build/main/CORTEX_M4F_STM32F4/startup/system_stm32f4xx.o

.debug_line     0x0000000000000000     0x8377
 .debug_line    0x0000000000000000      0x58a build/main/src/clib.o
 .debug_line    0x000000000000058a      0x4de build/main/src/devfs.o
 .debug_line    0x0000000000000a68      0x507 build/main/src/filesystem.o
 .debug_line    0x0000000000000f6f      0x675 build/main/src/fio.o
 .debug_line    0x00000000000015e4      0x2f2 build/main/src/hash-djb2.o
 .debug_line    0x00000000000018d6      0x321 build/main/src/host.o
 .debug_line    0x0000000000001bf7      0x851 build/main/src/main.o
 .debug_line    0x0000000000002448      0x463 build/main/src/mmtest.o
 .debug_line    0x00000000000028ab       0x3c build/main/src/osdebug.o
 .debug_line    0x00000000000028e7      0x628 build/main/src/ramfs.o
 .debug_line    0x0000000000002f0f      0x598 build/main/src/shell.o
 .debug_line    0x00000000000034a7      0x65b build/main/src/stm32_f429.o
 .debug_line    0x0000000000003b02      0x3bc build/main/src/string-util.o
 .debug_line    0x0000000000003ebe      0x3c9 build/main/freertos/list.o
 .debug_line    0x0000000000004287      0x67a build/main/freertos/queue.o
 .debug_line    0x0000000000004901      0xab8 build/main/freertos/tasks.o
 .debug_line    0x00000000000053b9      0x670 build/main/../STM32F429I-Discovery_FW_V1.0.1/Libraries/STM32F4xx_StdPeriph_Driver/src/misc.o
 .debug_line    0x0000000000005a29      0x766 build/main/../STM32F429I-Discovery_FW_V1.0.1/Libraries/STM32F4xx_StdPeriph_Driver/src/stm32f4xx_gpio.o
 .debug_line    0x000000000000618f      0xa66 build/main/../STM32F429I-Discovery_FW_V1.0.1/Libraries/STM32F4xx_StdPeriph_Driver/src/stm32f4xx_rcc.o
 .debug_line    0x0000000000006bf5      0x8b7 build/main/../STM32F429I-Discovery_FW_V1.0.1/Libraries/STM32F4xx_StdPeriph_Driver/src/stm32f4xx_usart.o
 .debug_line    0x00000000000074ac      0x3bf build/main/freertos/portable/MemMang/heap_1.o
 .debug_line    0x000000000000786b      0x422 build/main/freertos/portable/GCC/ARM_CM4F/port.o
 .debug_line    0x0000000000007c8d       0x88 build/main/CORTEX_M4F_STM32F4/startup_stm32f429_439xx.o
 .debug_line    0x0000000000007d15      0x662 build/main/CORTEX_M4F_STM32F4/startup/system_stm32f4xx.o

.debug_str      0x0000000000000000    0x6deb3
 .debug_str     0x0000000000000000     0x8ef1 build/main/src/clib.o
                                       0x9108 (size before relaxing)
 .debug_str     0x0000000000008ef1      0x2c2 build/main/src/devfs.o
                                       0x92af (size before relaxing)
 .debug_str     0x00000000000091b3       0xaf build/main/src/filesystem.o
                                       0x91d4 (size before relaxing)
 .debug_str     0x0000000000009262      0x155 build/main/src/fio.o
                                       0x923b (size before relaxing)
 .debug_str     0x00000000000093b7       0x1f build/main/src/hash-djb2.o
                                       0x473b (size before relaxing)
 .debug_str     0x00000000000093d6      0x1cb build/main/src/host.o
                                       0x41a3 (size before relaxing)
 .debug_str     0x00000000000095a1    0x5fdcb build/main/src/main.o
                                      0x68f73 (size before relaxing)
 .debug_str     0x000000000006936c       0x7b build/main/src/mmtest.o
                                       0x8fc0 (size before relaxing)
 .debug_str     0x00000000000693e7        0xe build/main/src/osdebug.o
                                       0x2318 (size before relaxing)
 .debug_str     0x00000000000693f5      0x1cd build/main/src/ramfs.o
                                       0x936b (size before relaxing)
 .debug_str     0x00000000000695c2      0x13a build/main/src/shell.o
                                       0x9c79 (size before relaxing)
 .debug_str     0x00000000000696fc      0x839 build/main/src/stm32_f429.o
                                      0x62c09 (size before relaxing)
 .debug_str     0x0000000000069f35      0x3bd build/main/src/string-util.o
                                       0x3698 (size before relaxing)
 .debug_str     0x000000000006a2f2      0x1a5 build/main/freertos/list.o
                                       0x6d7f (size before relaxing)
 .debug_str     0x000000000006a497      0x609 build/main/freertos/queue.o
                                       0x8126 (size before relaxing)
 .debug_str     0x000000000006aaa0     0x15cb build/main/freertos/tasks.o
                                       0x87aa (size before relaxing)
 .debug_str     0x000000000006c06b      0x1fa build/main/../STM32F429I-Discovery_FW_V1.0.1/Libraries/STM32F4xx_StdPeriph_Driver/src/misc.o
                                      0x625b8 (size before relaxing)
 .debug_str     0x000000000006c265      0x1bf build/main/../STM32F429I-Discovery_FW_V1.0.1/Libraries/STM32F4xx_StdPeriph_Driver/src/stm32f4xx_gpio.o
                                      0x62655 (size before relaxing)
 .debug_str     0x000000000006c424      0xd5c build/main/../STM32F429I-Discovery_FW_V1.0.1/Libraries/STM32F4xx_StdPeriph_Driver/src/stm32f4xx_rcc.o
                                      0x63119 (size before relaxing)
 .debug_str     0x000000000006d180      0x4e7 build/main/../STM32F429I-Discovery_FW_V1.0.1/Libraries/STM32F4xx_StdPeriph_Driver/src/stm32f4xx_usart.o
                                      0x62968 (size before relaxing)
 .debug_str     0x000000000006d667       0xe6 build/main/freertos/portable/MemMang/heap_1.o
                                       0x7117 (size before relaxing)
 .debug_str     0x000000000006d74d      0x67b build/main/freertos/portable/GCC/ARM_CM4F/port.o
                                       0x608e (size before relaxing)
 .debug_str     0x000000000006ddc8       0xeb build/main/CORTEX_M4F_STM32F4/startup/system_stm32f4xx.o
                                      0x62587 (size before relaxing)

.comment        0x0000000000000000       0x70
 .comment       0x0000000000000000       0x70 build/main/src/clib.o
                                         0x71 (size before relaxing)
 .comment       0x0000000000000000       0x71 build/main/src/devfs.o
 .comment       0x0000000000000000       0x71 build/main/src/filesystem.o
 .comment       0x0000000000000000       0x71 build/main/src/fio.o
 .comment       0x0000000000000000       0x71 build/main/src/hash-djb2.o
 .comment       0x0000000000000000       0x71 build/main/src/host.o
 .comment       0x0000000000000000       0x71 build/main/src/main.o
 .comment       0x0000000000000000       0x71 build/main/src/mmtest.o
 .comment       0x0000000000000000       0x71 build/main/src/osdebug.o
 .comment       0x0000000000000000       0x71 build/main/src/ramfs.o
 .comment       0x0000000000000000       0x71 build/main/src/shell.o
 .comment       0x0000000000000000       0x71 build/main/src/stm32_f429.o
 .comment       0x0000000000000000       0x71 build/main/src/string-util.o
 .comment       0x0000000000000000       0x71 build/main/freertos/list.o
 .comment       0x0000000000000000       0x71 build/main/freertos/queue.o
 .comment       0x0000000000000000       0x71 build/main/freertos/tasks.o
 .comment       0x0000000000000000       0x71 build/main/../STM32F429I-Discovery_FW_V1.0.1/Libraries/STM32F4xx_StdPeriph_Driver/src/misc.o
 .comment       0x0000000000000000       0x71 build/main/../STM32F429I-Discovery_FW_V1.0.1/Libraries/STM32F4xx_StdPeriph_Driver/src/stm32f4xx_gpio.o
 .comment       0x0000000000000000       0x71 build/main/../STM32F429I-Discovery_FW_V1.0.1/Libraries/STM32F4xx_StdPeriph_Driver/src/stm32f4xx_rcc.o
 .comment       0x0000000000000000       0x71 build/main/../STM32F429I-Discovery_FW_V1.0.1/Libraries/STM32F4xx_StdPeriph_Driver/src/stm32f4xx_usart.o
 .comment       0x0000000000000000       0x71 build/main/freertos/portable/MemMang/heap_1.o
 .comment       0x0000000000000000       0x71 build/main/freertos/portable/GCC/ARM_CM4F/port.o
 .comment       0x0000000000000000       0x71 build/main/CORTEX_M4F_STM32F4/startup/system_stm32f4xx.o

.debug_frame    0x0000000000000000     0x2348
 .debug_frame   0x0000000000000000      0x130 build/main/src/clib.o
 .debug_frame   0x0000000000000130      0x110 build/main/src/devfs.o
 .debug_frame   0x0000000000000240       0xc4 build/main/src/filesystem.o
 .debug_frame   0x0000000000000304      0x268 build/main/src/fio.o
 .debug_frame   0x000000000000056c       0x2c build/main/src/hash-djb2.o
 .debug_frame   0x0000000000000598       0xc8 build/main/src/host.o
 .debug_frame   0x0000000000000660       0xcc build/main/src/main.o
 .debug_frame   0x000000000000072c       0x98 build/main/src/mmtest.o
 .debug_frame   0x00000000000007c4       0x34 build/main/src/osdebug.o
 .debug_frame   0x00000000000007f8      0x1a8 build/main/src/ramfs.o
 .debug_frame   0x00000000000009a0      0x16c build/main/src/shell.o
 .debug_frame   0x0000000000000b0c       0xc4 build/main/src/stm32_f429.o
 .debug_frame   0x0000000000000bd0       0xb8 build/main/src/string-util.o
 .debug_frame   0x0000000000000c88       0x9c build/main/freertos/list.o
 .debug_frame   0x0000000000000d24      0x2b8 build/main/freertos/queue.o
 .debug_frame   0x0000000000000fdc      0x530 build/main/freertos/tasks.o
 .debug_frame   0x000000000000150c       0x9c build/main/../STM32F429I-Discovery_FW_V1.0.1/Libraries/STM32F4xx_StdPeriph_Driver/src/misc.o
 .debug_frame   0x00000000000015a8      0x19c build/main/../STM32F429I-Discovery_FW_V1.0.1/Libraries/STM32F4xx_StdPeriph_Driver/src/stm32f4xx_gpio.o
 .debug_frame   0x0000000000001744      0x5b8 build/main/../STM32F429I-Discovery_FW_V1.0.1/Libraries/STM32F4xx_StdPeriph_Driver/src/stm32f4xx_rcc.o
 .debug_frame   0x0000000000001cfc      0x344 build/main/../STM32F429I-Discovery_FW_V1.0.1/Libraries/STM32F4xx_StdPeriph_Driver/src/stm32f4xx_usart.o
 .debug_frame   0x0000000000002040       0x7c build/main/freertos/portable/MemMang/heap_1.o
 .debug_frame   0x00000000000020bc      0x160 build/main/freertos/portable/GCC/ARM_CM4F/port.o
 .debug_frame   0x000000000000221c       0x64 build/main/CORTEX_M4F_STM32F4/startup/system_stm32f4xx.o
 .debug_frame   0x0000000000002280       0x34 /usr/local/Cellar/gcc-arm-none-eabi/20140408/bin/../lib/gcc/arm-none-eabi/4.7.4/../../../../arm-none-eabi/lib/armv7e-m/softfp/libg.a(lib_a-__atexit.o)
 .debug_frame   0x00000000000022b4       0x2c /usr/local/Cellar/gcc-arm-none-eabi/20140408/bin/../lib/gcc/arm-none-eabi/4.7.4/../../../../arm-none-eabi/lib/armv7e-m/softfp/libg.a(lib_a-fini.o)
 .debug_frame   0x00000000000022e0       0x48 /usr/local/Cellar/gcc-arm-none-eabi/20140408/bin/../lib/gcc/arm-none-eabi/4.7.4/../../../../arm-none-eabi/lib/armv7e-m/softfp/libg.a(lib_a-__call_atexit.o)
 .debug_frame   0x0000000000002328       0x20 /usr/local/Cellar/gcc-arm-none-eabi/20140408/bin/../lib/gcc/arm-none-eabi/4.7.4/../../../../arm-none-eabi/lib/armv7e-m/softfp/libg.a(lib_a-atexit.o)
